0000000000400710 <bench_c_stoke32_32>:
  400710:	c5 fd 6f 15 a8 21 00 	vmovdqa ymm2,YMMWORD PTR [rip+0x21a8]        # 4028c0 <algo_names+0x60>
  400717:	00 
  400718:	31 c0                	xor    eax,eax
  40071a:	c5 e1 ef db          	vpxor  xmm3,xmm3,xmm3
  40071e:	c5 dd 76 e4          	vpcmpeqd ymm4,ymm4,ymm4
  400722:	c5 fd 6f 35 b6 21 00 	vmovdqa ymm6,YMMWORD PTR [rip+0x21b6]        # 4028e0 <algo_names+0x80>
  400729:	00 
  40072a:	c5 fd 6f 2d ce 21 00 	vmovdqa ymm5,YMMWORD PTR [rip+0x21ce]        # 402900 <algo_names+0xa0>
  400731:	00 
  400732:	66 0f 1f 44 00 00    	nop    WORD PTR [rax+rax*1+0x0]
  400738:	c4 e2 7d 35 c2       	vpmovzxdq ymm0,xmm2
  40073d:	c4 e3 7d 39 d1 01    	vextracti128 xmm1,ymm2,0x1
  400743:	c4 e2 7d 35 c9       	vpmovzxdq ymm1,xmm1
  400748:	83 c0 01             	add    eax,0x1
  40074b:	c5 fd d4 c4          	vpaddq ymm0,ymm0,ymm4
  40074f:	c5 f5 d4 cc          	vpaddq ymm1,ymm1,ymm4
  400753:	c5 f5 73 d1 03       	vpsrlq ymm1,ymm1,0x3
  400758:	c5 ed fe d6          	vpaddd ymm2,ymm2,ymm6
  40075c:	c5 fd 73 d0 03       	vpsrlq ymm0,ymm0,0x3
  400761:	c4 e3 7d 46 f9 20    	vperm2i128 ymm7,ymm0,ymm1,0x20
  400767:	c4 e3 7d 46 c1 31    	vperm2i128 ymm0,ymm0,ymm1,0x31
  40076d:	c5 fd 70 cf d8       	vpshufd ymm1,ymm7,0xd8
  400772:	c5 fd 70 c0 d8       	vpshufd ymm0,ymm0,0xd8
  400777:	c5 f5 6c c0          	vpunpcklqdq ymm0,ymm1,ymm0
  40077b:	c5 d5 fe c0          	vpaddd ymm0,ymm5,ymm0
  40077f:	c5 e5 fe d8          	vpaddd ymm3,ymm3,ymm0
  400783:	3d 40 59 73 07       	cmp    eax,0x7735940
  400788:	75 ae                	jne    400738 <bench_c_stoke32_32+0x28>
  40078a:	c5 f1 ef c9          	vpxor  xmm1,xmm1,xmm1
  40078e:	c4 e3 65 46 c1 21    	vperm2i128 ymm0,ymm3,ymm1,0x21
  400794:	c5 e5 fe d8          	vpaddd ymm3,ymm3,ymm0
  400798:	c4 e3 65 46 c1 21    	vperm2i128 ymm0,ymm3,ymm1,0x21
  40079e:	c4 e3 7d 0f c3 08    	vpalignr ymm0,ymm0,ymm3,0x8
  4007a4:	c5 e5 fe c0          	vpaddd ymm0,ymm3,ymm0
  4007a8:	c4 e3 7d 46 c9 21    	vperm2i128 ymm1,ymm0,ymm1,0x21
  4007ae:	c4 e3 75 0f c8 04    	vpalignr ymm1,ymm1,ymm0,0x4
  4007b4:	c5 fd fe c1          	vpaddd ymm0,ymm0,ymm1
  4007b8:	c5 f9 7e c0          	vmovd  eax,xmm0
  4007bc:	01 f8                	add    eax,edi
  4007be:	c5 f8 77             	vzeroupper 
  4007c1:	c3                   	ret    
  4007c2:	0f 1f 40 00          	nop    DWORD PTR [rax+0x0]
  4007c6:	66 2e 0f 1f 84 00 00 	nop    WORD PTR cs:[rax+rax*1+0x0]
  4007cd:	00 00 00 

00000000004007d0 <bench_c_stoke32_64>:
  4007d0:	89 f8                	mov    eax,edi
  4007d2:	b9 01 00 00 00       	mov    ecx,0x1
  4007d7:	31 d2                	xor    edx,edx
  4007d9:	eb 24                	jmp    4007ff <bench_c_stoke32_64+0x2f>
  4007db:	0f 1f 44 00 00       	nop    DWORD PTR [rax+rax*1+0x0]
  4007e0:	48 89 ca             	mov    rdx,rcx
  4007e3:	48 c1 ea 03          	shr    rdx,0x3
  4007e7:	8d 34 d5 00 00 00 00 	lea    esi,[rdx*8+0x0]
  4007ee:	48 39 ce             	cmp    rsi,rcx
  4007f1:	40 0f 95 c6          	setne  sil
  4007f5:	48 83 c1 01          	add    rcx,0x1
  4007f9:	40 0f b6 f6          	movzx  esi,sil
  4007fd:	01 f2                	add    edx,esi
  4007ff:	01 d0                	add    eax,edx
  400801:	48 81 f9 00 ca 9a 3b 	cmp    rcx,0x3b9aca00
  400808:	75 d6                	jne    4007e0 <bench_c_stoke32_64+0x10>
  40080a:	c3                   	ret    
  40080b:	0f 1f 44 00 00       	nop    DWORD PTR [rax+rax*1+0x0]

0000000000400810 <bench_c_div_stoke_64>:
  400810:	89 f8                	mov    eax,edi
  400812:	31 d2                	xor    edx,edx
  400814:	31 c9                	xor    ecx,ecx
  400816:	eb 17                	jmp    40082f <bench_c_div_stoke_64+0x1f>
  400818:	0f 1f 84 00 00 00 00 	nop    DWORD PTR [rax+rax*1+0x0]
  40081f:	00 
  400820:	89 d6                	mov    esi,edx
  400822:	31 c9                	xor    ecx,ecx
  400824:	c1 ee 03             	shr    esi,0x3
  400827:	f6 c2 07             	test   dl,0x7
  40082a:	0f 95 c1             	setne  cl
  40082d:	01 f1                	add    ecx,esi
  40082f:	83 c2 01             	add    edx,0x1
  400832:	01 c8                	add    eax,ecx
  400834:	81 fa 00 ca 9a 3b    	cmp    edx,0x3b9aca00
  40083a:	75 e4                	jne    400820 <bench_c_div_stoke_64+0x10>
  40083c:	c3                   	ret    
  40083d:	0f 1f 00             	nop    DWORD PTR [rax]

0000000000400840 <bench_c_divide_chux_32>:
  400840:	c5 fd 6f 0d 78 20 00 	vmovdqa ymm1,YMMWORD PTR [rip+0x2078]        # 4028c0 <algo_names+0x60>
  400847:	00 
  400848:	c5 e9 ef d2          	vpxor  xmm2,xmm2,xmm2
  40084c:	31 c0                	xor    eax,eax
  40084e:	c5 fd 6f ea          	vmovdqa ymm5,ymm2
  400852:	c5 7d 6f 05 86 20 00 	vmovdqa ymm8,YMMWORD PTR [rip+0x2086]        # 4028e0 <algo_names+0x80>
  400859:	00 
  40085a:	c5 fd 6f 3d be 20 00 	vmovdqa ymm7,YMMWORD PTR [rip+0x20be]        # 402920 <algo_names+0xc0>
  400861:	00 
  400862:	c5 fd 6f 35 96 20 00 	vmovdqa ymm6,YMMWORD PTR [rip+0x2096]        # 402900 <algo_names+0xa0>
  400869:	00 
  40086a:	66 0f 1f 44 00 00    	nop    WORD PTR [rax+rax*1+0x0]
  400870:	c5 f5 db c7          	vpand  ymm0,ymm1,ymm7
  400874:	c5 fd 76 c5          	vpcmpeqd ymm0,ymm0,ymm5
  400878:	83 c0 01             	add    eax,0x1
  40087b:	c5 d9 ef e4          	vpxor  xmm4,xmm4,xmm4
  40087f:	c5 e5 72 d1 03       	vpsrld ymm3,ymm1,0x3
  400884:	c4 c1 75 fe c8       	vpaddd ymm1,ymm1,ymm8
  400889:	c5 fd df c6          	vpandn ymm0,ymm0,ymm6
  40088d:	c5 fd fe c3          	vpaddd ymm0,ymm0,ymm3
  400891:	c5 ed fe d0          	vpaddd ymm2,ymm2,ymm0
  400895:	3d 40 59 73 07       	cmp    eax,0x7735940
  40089a:	75 d4                	jne    400870 <bench_c_divide_chux_32+0x30>
  40089c:	c4 e3 6d 46 c4 21    	vperm2i128 ymm0,ymm2,ymm4,0x21
  4008a2:	c5 ed fe d0          	vpaddd ymm2,ymm2,ymm0
  4008a6:	c4 e3 6d 46 c4 21    	vperm2i128 ymm0,ymm2,ymm4,0x21
  4008ac:	c4 e3 7d 0f c2 08    	vpalignr ymm0,ymm0,ymm2,0x8
  4008b2:	c5 ed fe c0          	vpaddd ymm0,ymm2,ymm0
  4008b6:	c4 e3 7d 46 cc 21    	vperm2i128 ymm1,ymm0,ymm4,0x21
  4008bc:	c4 e3 75 0f c8 04    	vpalignr ymm1,ymm1,ymm0,0x4
  4008c2:	c5 fd fe c1          	vpaddd ymm0,ymm0,ymm1
  4008c6:	c5 f9 7e c0          	vmovd  eax,xmm0
  4008ca:	01 f8                	add    eax,edi
  4008cc:	c5 f8 77             	vzeroupper 
  4008cf:	c3                   	ret    

00000000004008d0 <bench_c_divide_chux_64>:
  4008d0:	c5 fd 6f 1d e8 1f 00 	vmovdqa ymm3,YMMWORD PTR [rip+0x1fe8]        # 4028c0 <algo_names+0x60>
  4008d7:	00 
  4008d8:	c5 d9 ef e4          	vpxor  xmm4,xmm4,xmm4
  4008dc:	31 c0                	xor    eax,eax
  4008de:	c5 fd 6f f4          	vmovdqa ymm6,ymm4
  4008e2:	c5 7d 6f 0d f6 1f 00 	vmovdqa ymm9,YMMWORD PTR [rip+0x1ff6]        # 4028e0 <algo_names+0x80>
  4008e9:	00 
  4008ea:	c5 7d 6f 05 2e 20 00 	vmovdqa ymm8,YMMWORD PTR [rip+0x202e]        # 402920 <algo_names+0xc0>
  4008f1:	00 
  4008f2:	c5 fd 6f 3d 06 20 00 	vmovdqa ymm7,YMMWORD PTR [rip+0x2006]        # 402900 <algo_names+0xa0>
  4008f9:	00 
  4008fa:	66 0f 1f 44 00 00    	nop    WORD PTR [rax+rax*1+0x0]
  400900:	c4 c1 65 db d0       	vpand  ymm2,ymm3,ymm8
  400905:	c5 ed 76 d6          	vpcmpeqd ymm2,ymm2,ymm6
  400909:	c4 e2 7d 35 c3       	vpmovzxdq ymm0,xmm3
  40090e:	83 c0 01             	add    eax,0x1
  400911:	c5 f5 73 d0 03       	vpsrlq ymm1,ymm0,0x3
  400916:	c5 d1 ef ed          	vpxor  xmm5,xmm5,xmm5
  40091a:	c5 ed df d7          	vpandn ymm2,ymm2,ymm7
  40091e:	c4 e2 7d 35 c2       	vpmovzxdq ymm0,xmm2
  400923:	c4 e3 7d 39 d2 01    	vextracti128 xmm2,ymm2,0x1
  400929:	c4 e2 7d 35 d2       	vpmovzxdq ymm2,xmm2
  40092e:	c5 f5 d4 c0          	vpaddq ymm0,ymm1,ymm0
  400932:	c4 e3 7d 39 d9 01    	vextracti128 xmm1,ymm3,0x1
  400938:	c4 e2 7d 35 c9       	vpmovzxdq ymm1,xmm1
  40093d:	c4 c1 65 fe d9       	vpaddd ymm3,ymm3,ymm9
  400942:	c5 f5 73 d1 03       	vpsrlq ymm1,ymm1,0x3
  400947:	c5 f5 d4 d2          	vpaddq ymm2,ymm1,ymm2
  40094b:	c4 e3 7d 46 ca 20    	vperm2i128 ymm1,ymm0,ymm2,0x20
  400951:	c4 e3 7d 46 c2 31    	vperm2i128 ymm0,ymm0,ymm2,0x31
  400957:	c5 fd 70 c9 d8       	vpshufd ymm1,ymm1,0xd8
  40095c:	c5 fd 70 c0 d8       	vpshufd ymm0,ymm0,0xd8
  400961:	c5 f5 6c c0          	vpunpcklqdq ymm0,ymm1,ymm0
  400965:	c5 dd fe e0          	vpaddd ymm4,ymm4,ymm0
  400969:	3d 40 59 73 07       	cmp    eax,0x7735940
  40096e:	75 90                	jne    400900 <bench_c_divide_chux_64+0x30>
  400970:	c4 e3 5d 46 c5 21    	vperm2i128 ymm0,ymm4,ymm5,0x21
  400976:	c5 dd fe e0          	vpaddd ymm4,ymm4,ymm0
  40097a:	c4 e3 5d 46 c5 21    	vperm2i128 ymm0,ymm4,ymm5,0x21
  400980:	c4 e3 7d 0f c4 08    	vpalignr ymm0,ymm0,ymm4,0x8
  400986:	c5 dd fe c0          	vpaddd ymm0,ymm4,ymm0
  40098a:	c4 e3 7d 46 cd 21    	vperm2i128 ymm1,ymm0,ymm5,0x21
  400990:	c4 e3 75 0f c8 04    	vpalignr ymm1,ymm1,ymm0,0x4
  400996:	c5 fd fe c1          	vpaddd ymm0,ymm0,ymm1
  40099a:	c5 f9 7e c0          	vmovd  eax,xmm0
  40099e:	01 f8                	add    eax,edi
  4009a0:	c5 f8 77             	vzeroupper 
  4009a3:	c3                   	ret    
  4009a4:	66 90                	xchg   ax,ax
  4009a6:	66 2e 0f 1f 84 00 00 	nop    WORD PTR cs:[rax+rax*1+0x0]
  4009ad:	00 00 00 

00000000004009b0 <bench_c_divide_user23_32>:
  4009b0:	c5 fd 6f 0d 08 1f 00 	vmovdqa ymm1,YMMWORD PTR [rip+0x1f08]        # 4028c0 <algo_names+0x60>
  4009b7:	00 
  4009b8:	31 c0                	xor    eax,eax
  4009ba:	c5 e9 ef d2          	vpxor  xmm2,xmm2,xmm2
  4009be:	c5 fd 6f 2d 1a 1f 00 	vmovdqa ymm5,YMMWORD PTR [rip+0x1f1a]        # 4028e0 <algo_names+0x80>
  4009c5:	00 
  4009c6:	c5 fd 6f 1d 52 1f 00 	vmovdqa ymm3,YMMWORD PTR [rip+0x1f52]        # 402920 <algo_names+0xc0>
  4009cd:	00 
  4009ce:	66 90                	xchg   ax,ax
  4009d0:	c5 f5 db c3          	vpand  ymm0,ymm1,ymm3
  4009d4:	c5 fd fe c3          	vpaddd ymm0,ymm0,ymm3
  4009d8:	c5 dd 72 d1 03       	vpsrld ymm4,ymm1,0x3
  4009dd:	83 c0 01             	add    eax,0x1
  4009e0:	c5 fd 72 d0 03       	vpsrld ymm0,ymm0,0x3
  4009e5:	c5 f5 fe cd          	vpaddd ymm1,ymm1,ymm5
  4009e9:	c5 fd fe c4          	vpaddd ymm0,ymm0,ymm4
  4009ed:	c5 ed fe d0          	vpaddd ymm2,ymm2,ymm0
  4009f1:	3d 40 59 73 07       	cmp    eax,0x7735940
  4009f6:	75 d8                	jne    4009d0 <bench_c_divide_user23_32+0x20>
  4009f8:	c5 f1 ef c9          	vpxor  xmm1,xmm1,xmm1
  4009fc:	c4 e3 6d 46 c1 21    	vperm2i128 ymm0,ymm2,ymm1,0x21
  400a02:	c5 ed fe d0          	vpaddd ymm2,ymm2,ymm0
  400a06:	c4 e3 6d 46 c1 21    	vperm2i128 ymm0,ymm2,ymm1,0x21
  400a0c:	c4 e3 7d 0f c2 08    	vpalignr ymm0,ymm0,ymm2,0x8
  400a12:	c5 ed fe c0          	vpaddd ymm0,ymm2,ymm0
  400a16:	c4 e3 7d 46 c9 21    	vperm2i128 ymm1,ymm0,ymm1,0x21
  400a1c:	c4 e3 75 0f c8 04    	vpalignr ymm1,ymm1,ymm0,0x4
  400a22:	c5 fd fe c1          	vpaddd ymm0,ymm0,ymm1
  400a26:	c5 f9 7e c0          	vmovd  eax,xmm0
  400a2a:	01 f8                	add    eax,edi
  400a2c:	c5 f8 77             	vzeroupper 
  400a2f:	c3                   	ret    

0000000000400a30 <bench_c_divide_user23_64>:
  400a30:	c5 fd 6f 1d 88 1e 00 	vmovdqa ymm3,YMMWORD PTR [rip+0x1e88]        # 4028c0 <algo_names+0x60>
  400a37:	00 
  400a38:	31 c0                	xor    eax,eax
  400a3a:	c5 d9 ef e4          	vpxor  xmm4,xmm4,xmm4
  400a3e:	c5 fd 6f 3d 9a 1e 00 	vmovdqa ymm7,YMMWORD PTR [rip+0x1e9a]        # 4028e0 <algo_names+0x80>
  400a45:	00 
  400a46:	c5 fd 6f 35 d2 1e 00 	vmovdqa ymm6,YMMWORD PTR [rip+0x1ed2]        # 402920 <algo_names+0xc0>
  400a4d:	00 
  400a4e:	c5 fd 6f 2d ea 1e 00 	vmovdqa ymm5,YMMWORD PTR [rip+0x1eea]        # 402940 <algo_names+0xe0>
  400a55:	00 
  400a56:	66 2e 0f 1f 84 00 00 	nop    WORD PTR cs:[rax+rax*1+0x0]
  400a5d:	00 00 00 
  400a60:	c5 e5 db d6          	vpand  ymm2,ymm3,ymm6
  400a64:	c4 e2 7d 35 c2       	vpmovzxdq ymm0,xmm2
  400a69:	83 c0 01             	add    eax,0x1
  400a6c:	c5 fd d4 c5          	vpaddq ymm0,ymm0,ymm5
  400a70:	c5 f5 73 d0 03       	vpsrlq ymm1,ymm0,0x3
  400a75:	c4 e2 7d 35 c3       	vpmovzxdq ymm0,xmm3
  400a7a:	c5 fd 73 d0 03       	vpsrlq ymm0,ymm0,0x3
  400a7f:	c5 f5 d4 c0          	vpaddq ymm0,ymm1,ymm0
  400a83:	c4 e3 7d 39 d1 01    	vextracti128 xmm1,ymm2,0x1
  400a89:	c4 e2 7d 35 c9       	vpmovzxdq ymm1,xmm1
  400a8e:	c5 f5 d4 cd          	vpaddq ymm1,ymm1,ymm5
  400a92:	c5 ed 73 d1 03       	vpsrlq ymm2,ymm1,0x3
  400a97:	c4 e3 7d 39 d9 01    	vextracti128 xmm1,ymm3,0x1
  400a9d:	c4 e2 7d 35 c9       	vpmovzxdq ymm1,xmm1
  400aa2:	c5 e5 fe df          	vpaddd ymm3,ymm3,ymm7
  400aa6:	c5 f5 73 d1 03       	vpsrlq ymm1,ymm1,0x3
  400aab:	c5 ed d4 c9          	vpaddq ymm1,ymm2,ymm1
  400aaf:	c4 e3 7d 46 d1 20    	vperm2i128 ymm2,ymm0,ymm1,0x20
  400ab5:	c4 e3 7d 46 c1 31    	vperm2i128 ymm0,ymm0,ymm1,0x31
  400abb:	c5 fd 70 ca d8       	vpshufd ymm1,ymm2,0xd8
  400ac0:	c5 fd 70 c0 d8       	vpshufd ymm0,ymm0,0xd8
  400ac5:	c5 f5 6c c0          	vpunpcklqdq ymm0,ymm1,ymm0
  400ac9:	c5 dd fe e0          	vpaddd ymm4,ymm4,ymm0
  400acd:	3d 40 59 73 07       	cmp    eax,0x7735940
  400ad2:	75 8c                	jne    400a60 <bench_c_divide_user23_64+0x30>
  400ad4:	c5 f1 ef c9          	vpxor  xmm1,xmm1,xmm1
  400ad8:	c4 e3 5d 46 c1 21    	vperm2i128 ymm0,ymm4,ymm1,0x21
  400ade:	c5 dd fe e0          	vpaddd ymm4,ymm4,ymm0
  400ae2:	c4 e3 5d 46 c1 21    	vperm2i128 ymm0,ymm4,ymm1,0x21
  400ae8:	c4 e3 7d 0f c4 08    	vpalignr ymm0,ymm0,ymm4,0x8
  400aee:	c5 dd fe c0          	vpaddd ymm0,ymm4,ymm0
  400af2:	c4 e3 7d 46 c9 21    	vperm2i128 ymm1,ymm0,ymm1,0x21
  400af8:	c4 e3 75 0f c8 04    	vpalignr ymm1,ymm1,ymm0,0x4
  400afe:	c5 fd fe c1          	vpaddd ymm0,ymm0,ymm1
  400b02:	c5 f9 7e c0          	vmovd  eax,xmm0
  400b06:	01 f8                	add    eax,edi
  400b08:	c5 f8 77             	vzeroupper 
  400b0b:	c3                   	ret    
  400b0c:	0f 1f 40 00          	nop    DWORD PTR [rax+0x0]

0000000000400b10 <bench_c_divide_user23_variant_32>:
  400b10:	c5 fd 6f 0d a8 1d 00 	vmovdqa ymm1,YMMWORD PTR [rip+0x1da8]        # 4028c0 <algo_names+0x60>
  400b17:	00 
  400b18:	c5 e9 ef d2          	vpxor  xmm2,xmm2,xmm2
  400b1c:	31 c0                	xor    eax,eax
  400b1e:	c5 fd 6f ea          	vmovdqa ymm5,ymm2
  400b22:	c5 7d 6f 05 b6 1d 00 	vmovdqa ymm8,YMMWORD PTR [rip+0x1db6]        # 4028e0 <algo_names+0x80>
  400b29:	00 
  400b2a:	c5 fd 6f 3d ee 1d 00 	vmovdqa ymm7,YMMWORD PTR [rip+0x1dee]        # 402920 <algo_names+0xc0>
  400b31:	00 
  400b32:	c5 fd 6f 35 c6 1d 00 	vmovdqa ymm6,YMMWORD PTR [rip+0x1dc6]        # 402900 <algo_names+0xa0>
  400b39:	00 
  400b3a:	66 0f 1f 44 00 00    	nop    WORD PTR [rax+rax*1+0x0]
  400b40:	c5 f5 db c7          	vpand  ymm0,ymm1,ymm7
  400b44:	c5 fd 76 c5          	vpcmpeqd ymm0,ymm0,ymm5
  400b48:	83 c0 01             	add    eax,0x1
  400b4b:	c5 d9 ef e4          	vpxor  xmm4,xmm4,xmm4
  400b4f:	c5 e5 72 d1 03       	vpsrld ymm3,ymm1,0x3
  400b54:	c4 c1 75 fe c8       	vpaddd ymm1,ymm1,ymm8
  400b59:	c5 fd df c6          	vpandn ymm0,ymm0,ymm6
  400b5d:	c5 fd fe c3          	vpaddd ymm0,ymm0,ymm3
  400b61:	c5 ed fe d0          	vpaddd ymm2,ymm2,ymm0
  400b65:	3d 40 59 73 07       	cmp    eax,0x7735940
  400b6a:	75 d4                	jne    400b40 <bench_c_divide_user23_variant_32+0x30>
  400b6c:	c4 e3 6d 46 c4 21    	vperm2i128 ymm0,ymm2,ymm4,0x21
  400b72:	c5 ed fe d0          	vpaddd ymm2,ymm2,ymm0
  400b76:	c4 e3 6d 46 c4 21    	vperm2i128 ymm0,ymm2,ymm4,0x21
  400b7c:	c4 e3 7d 0f c2 08    	vpalignr ymm0,ymm0,ymm2,0x8
  400b82:	c5 ed fe c0          	vpaddd ymm0,ymm2,ymm0
  400b86:	c4 e3 7d 46 cc 21    	vperm2i128 ymm1,ymm0,ymm4,0x21
  400b8c:	c4 e3 75 0f c8 04    	vpalignr ymm1,ymm1,ymm0,0x4
  400b92:	c5 fd fe c1          	vpaddd ymm0,ymm0,ymm1
  400b96:	c5 f9 7e c0          	vmovd  eax,xmm0
  400b9a:	01 f8                	add    eax,edi
  400b9c:	c5 f8 77             	vzeroupper 
  400b9f:	c3                   	ret    

0000000000400ba0 <bench_c_divide_user23_variant_64>:
  400ba0:	c5 fd 6f 1d 18 1d 00 	vmovdqa ymm3,YMMWORD PTR [rip+0x1d18]        # 4028c0 <algo_names+0x60>
  400ba7:	00 
  400ba8:	c5 d9 ef e4          	vpxor  xmm4,xmm4,xmm4
  400bac:	31 c0                	xor    eax,eax
  400bae:	c5 fd 6f f4          	vmovdqa ymm6,ymm4
  400bb2:	c5 7d 6f 0d 26 1d 00 	vmovdqa ymm9,YMMWORD PTR [rip+0x1d26]        # 4028e0 <algo_names+0x80>
  400bb9:	00 
  400bba:	c5 7d 6f 05 5e 1d 00 	vmovdqa ymm8,YMMWORD PTR [rip+0x1d5e]        # 402920 <algo_names+0xc0>
  400bc1:	00 
  400bc2:	c5 fd 6f 3d 36 1d 00 	vmovdqa ymm7,YMMWORD PTR [rip+0x1d36]        # 402900 <algo_names+0xa0>
  400bc9:	00 
  400bca:	66 0f 1f 44 00 00    	nop    WORD PTR [rax+rax*1+0x0]
  400bd0:	c4 c1 65 db d0       	vpand  ymm2,ymm3,ymm8
  400bd5:	c5 ed 76 d6          	vpcmpeqd ymm2,ymm2,ymm6
  400bd9:	c4 e2 7d 35 c3       	vpmovzxdq ymm0,xmm3
  400bde:	83 c0 01             	add    eax,0x1
  400be1:	c5 f5 73 d0 03       	vpsrlq ymm1,ymm0,0x3
  400be6:	c5 d1 ef ed          	vpxor  xmm5,xmm5,xmm5
  400bea:	c5 ed df d7          	vpandn ymm2,ymm2,ymm7
  400bee:	c4 e2 7d 35 c2       	vpmovzxdq ymm0,xmm2
  400bf3:	c4 e3 7d 39 d2 01    	vextracti128 xmm2,ymm2,0x1
  400bf9:	c4 e2 7d 35 d2       	vpmovzxdq ymm2,xmm2
  400bfe:	c5 f5 d4 c0          	vpaddq ymm0,ymm1,ymm0
  400c02:	c4 e3 7d 39 d9 01    	vextracti128 xmm1,ymm3,0x1
  400c08:	c4 e2 7d 35 c9       	vpmovzxdq ymm1,xmm1
  400c0d:	c4 c1 65 fe d9       	vpaddd ymm3,ymm3,ymm9
  400c12:	c5 f5 73 d1 03       	vpsrlq ymm1,ymm1,0x3
  400c17:	c5 f5 d4 d2          	vpaddq ymm2,ymm1,ymm2
  400c1b:	c4 e3 7d 46 ca 20    	vperm2i128 ymm1,ymm0,ymm2,0x20
  400c21:	c4 e3 7d 46 c2 31    	vperm2i128 ymm0,ymm0,ymm2,0x31
  400c27:	c5 fd 70 c9 d8       	vpshufd ymm1,ymm1,0xd8
  400c2c:	c5 fd 70 c0 d8       	vpshufd ymm0,ymm0,0xd8
  400c31:	c5 f5 6c c0          	vpunpcklqdq ymm0,ymm1,ymm0
  400c35:	c5 dd fe e0          	vpaddd ymm4,ymm4,ymm0
  400c39:	3d 40 59 73 07       	cmp    eax,0x7735940
  400c3e:	75 90                	jne    400bd0 <bench_c_divide_user23_variant_64+0x30>
  400c40:	c4 e3 5d 46 c5 21    	vperm2i128 ymm0,ymm4,ymm5,0x21
  400c46:	c5 dd fe e0          	vpaddd ymm4,ymm4,ymm0
  400c4a:	c4 e3 5d 46 c5 21    	vperm2i128 ymm0,ymm4,ymm5,0x21
  400c50:	c4 e3 7d 0f c4 08    	vpalignr ymm0,ymm0,ymm4,0x8
  400c56:	c5 dd fe c0          	vpaddd ymm0,ymm4,ymm0
  400c5a:	c4 e3 7d 46 cd 21    	vperm2i128 ymm1,ymm0,ymm5,0x21
  400c60:	c4 e3 75 0f c8 04    	vpalignr ymm1,ymm1,ymm0,0x4
  400c66:	c5 fd fe c1          	vpaddd ymm0,ymm0,ymm1
  400c6a:	c5 f9 7e c0          	vmovd  eax,xmm0
  400c6e:	01 f8                	add    eax,edi
  400c70:	c5 f8 77             	vzeroupper 
  400c73:	c3                   	ret    
  400c74:	66 90                	xchg   ax,ax
  400c76:	66 2e 0f 1f 84 00 00 	nop    WORD PTR cs:[rax+rax*1+0x0]
  400c7d:	00 00 00 

0000000000400c80 <bench_c_divide_chrisdodd_32>:
  400c80:	89 f8                	mov    eax,edi
  400c82:	ba 01 00 00 00       	mov    edx,0x1
  400c87:	eb 0a                	jmp    400c93 <bench_c_divide_chrisdodd_32+0x13>
  400c89:	0f 1f 80 00 00 00 00 	nop    DWORD PTR [rax+0x0]
  400c90:	83 c2 01             	add    edx,0x1
  400c93:	83 fa 01             	cmp    edx,0x1
  400c96:	74 f8                	je     400c90 <bench_c_divide_chrisdodd_32+0x10>
  400c98:	8d 4a fe             	lea    ecx,[rdx-0x2]
  400c9b:	c1 e9 03             	shr    ecx,0x3
  400c9e:	8d 44 08 01          	lea    eax,[rax+rcx*1+0x1]
  400ca2:	81 fa 00 ca 9a 3b    	cmp    edx,0x3b9aca00
  400ca8:	75 e6                	jne    400c90 <bench_c_divide_chrisdodd_32+0x10>
  400caa:	c3                   	ret    
  400cab:	0f 1f 44 00 00       	nop    DWORD PTR [rax+rax*1+0x0]

0000000000400cb0 <bench_c_divide_chrisdodd_64>:
  400cb0:	89 f8                	mov    eax,edi
  400cb2:	be 01 00 00 00       	mov    esi,0x1
  400cb7:	31 c9                	xor    ecx,ecx
  400cb9:	eb 0c                	jmp    400cc7 <bench_c_divide_chrisdodd_64+0x17>
  400cbb:	0f 1f 44 00 00       	nop    DWORD PTR [rax+rax*1+0x0]
  400cc0:	48 83 c1 01          	add    rcx,0x1
  400cc4:	83 c6 01             	add    esi,0x1
  400cc7:	48 85 c9             	test   rcx,rcx
  400cca:	74 f4                	je     400cc0 <bench_c_divide_chrisdodd_64+0x10>
  400ccc:	48 8d 51 ff          	lea    rdx,[rcx-0x1]
  400cd0:	48 c1 ea 03          	shr    rdx,0x3
  400cd4:	8d 44 10 01          	lea    eax,[rax+rdx*1+0x1]
  400cd8:	81 fe 00 ca 9a 3b    	cmp    esi,0x3b9aca00
  400cde:	75 e0                	jne    400cc0 <bench_c_divide_chrisdodd_64+0x10>
  400ce0:	c3                   	ret    
  400ce1:	0f 1f 44 00 00       	nop    DWORD PTR [rax+rax*1+0x0]
  400ce6:	66 2e 0f 1f 84 00 00 	nop    WORD PTR cs:[rax+rax*1+0x0]
  400ced:	00 00 00 

0000000000400cf0 <bench_c_divide_weather_32>:
  400cf0:	89 f8                	mov    eax,edi
  400cf2:	41 b8 01 00 00 00    	mov    r8d,0x1
  400cf8:	31 c9                	xor    ecx,ecx
  400cfa:	eb 0b                	jmp    400d07 <bench_c_divide_weather_32+0x17>
  400cfc:	0f 1f 40 00          	nop    DWORD PTR [rax+0x0]
  400d00:	41 83 c0 01          	add    r8d,0x1
  400d04:	83 c1 01             	add    ecx,0x1
  400d07:	89 ca                	mov    edx,ecx
  400d09:	c1 ea 03             	shr    edx,0x3
  400d0c:	85 c9                	test   ecx,ecx
  400d0e:	74 1e                	je     400d2e <bench_c_divide_weather_32+0x3e>
  400d10:	8d 71 ff             	lea    esi,[rcx-0x1]
  400d13:	c1 ee 03             	shr    esi,0x3
  400d16:	39 f2                	cmp    edx,esi
  400d18:	40 0f 94 c6          	sete   sil
  400d1c:	40 0f b6 f6          	movzx  esi,sil
  400d20:	01 f2                	add    edx,esi
  400d22:	01 d0                	add    eax,edx
  400d24:	41 81 f8 00 ca 9a 3b 	cmp    r8d,0x3b9aca00
  400d2b:	75 d3                	jne    400d00 <bench_c_divide_weather_32+0x10>
  400d2d:	c3                   	ret    
  400d2e:	01 d0                	add    eax,edx
  400d30:	eb ce                	jmp    400d00 <bench_c_divide_weather_32+0x10>
  400d32:	0f 1f 40 00          	nop    DWORD PTR [rax+0x0]
  400d36:	66 2e 0f 1f 84 00 00 	nop    WORD PTR cs:[rax+rax*1+0x0]
  400d3d:	00 00 00 

0000000000400d40 <bench_c_divide_weather_64>:
  400d40:	89 f8                	mov    eax,edi
  400d42:	41 b8 01 00 00 00    	mov    r8d,0x1
  400d48:	31 c9                	xor    ecx,ecx
  400d4a:	eb 0c                	jmp    400d58 <bench_c_divide_weather_64+0x18>
  400d4c:	0f 1f 40 00          	nop    DWORD PTR [rax+0x0]
  400d50:	48 83 c1 01          	add    rcx,0x1
  400d54:	41 83 c0 01          	add    r8d,0x1
  400d58:	48 89 ca             	mov    rdx,rcx
  400d5b:	48 c1 ea 03          	shr    rdx,0x3
  400d5f:	48 85 c9             	test   rcx,rcx
  400d62:	74 22                	je     400d86 <bench_c_divide_weather_64+0x46>
  400d64:	48 8d 71 ff          	lea    rsi,[rcx-0x1]
  400d68:	48 c1 ee 03          	shr    rsi,0x3
  400d6c:	48 39 f2             	cmp    rdx,rsi
  400d6f:	40 0f 94 c6          	sete   sil
  400d73:	40 0f b6 f6          	movzx  esi,sil
  400d77:	48 01 f2             	add    rdx,rsi
  400d7a:	01 d0                	add    eax,edx
  400d7c:	41 81 f8 00 ca 9a 3b 	cmp    r8d,0x3b9aca00
  400d83:	75 cb                	jne    400d50 <bench_c_divide_weather_64+0x10>
  400d85:	c3                   	ret    
  400d86:	01 d0                	add    eax,edx
  400d88:	eb c6                	jmp    400d50 <bench_c_divide_weather_64+0x10>
  400d8a:	66 0f 1f 44 00 00    	nop    WORD PTR [rax+rax*1+0x0]

0000000000400d90 <bench_c_divide_plusq_32>:
  400d90:	c5 fd 6f 15 28 1b 00 	vmovdqa ymm2,YMMWORD PTR [rip+0x1b28]        # 4028c0 <algo_names+0x60>
  400d97:	00 
  400d98:	31 c0                	xor    eax,eax
  400d9a:	c5 f1 ef c9          	vpxor  xmm1,xmm1,xmm1
  400d9e:	c5 fd 6f 25 3a 1b 00 	vmovdqa ymm4,YMMWORD PTR [rip+0x1b3a]        # 4028e0 <algo_names+0x80>
  400da5:	00 
  400da6:	c5 fd 6f 1d 72 1b 00 	vmovdqa ymm3,YMMWORD PTR [rip+0x1b72]        # 402920 <algo_names+0xc0>
  400dad:	00 
  400dae:	66 90                	xchg   ax,ax
  400db0:	c5 ed fe c3          	vpaddd ymm0,ymm2,ymm3
  400db4:	83 c0 01             	add    eax,0x1
  400db7:	c5 ed fe d4          	vpaddd ymm2,ymm2,ymm4
  400dbb:	c5 fd 72 d0 03       	vpsrld ymm0,ymm0,0x3
  400dc0:	c5 f5 fe c8          	vpaddd ymm1,ymm1,ymm0
  400dc4:	3d 40 59 73 07       	cmp    eax,0x7735940
  400dc9:	75 e5                	jne    400db0 <bench_c_divide_plusq_32+0x20>
  400dcb:	c5 e9 ef d2          	vpxor  xmm2,xmm2,xmm2
  400dcf:	c4 e3 75 46 c2 21    	vperm2i128 ymm0,ymm1,ymm2,0x21
  400dd5:	c5 f5 fe c8          	vpaddd ymm1,ymm1,ymm0
  400dd9:	c4 e3 75 46 c2 21    	vperm2i128 ymm0,ymm1,ymm2,0x21
  400ddf:	c4 e3 7d 0f c1 08    	vpalignr ymm0,ymm0,ymm1,0x8
  400de5:	c5 f5 fe c0          	vpaddd ymm0,ymm1,ymm0
  400de9:	c4 e3 7d 46 ca 21    	vperm2i128 ymm1,ymm0,ymm2,0x21
  400def:	c4 e3 75 0f c8 04    	vpalignr ymm1,ymm1,ymm0,0x4
  400df5:	c5 fd fe c1          	vpaddd ymm0,ymm0,ymm1
  400df9:	c5 f9 7e c0          	vmovd  eax,xmm0
  400dfd:	01 f8                	add    eax,edi
  400dff:	c5 f8 77             	vzeroupper 
  400e02:	c3                   	ret    
  400e03:	0f 1f 00             	nop    DWORD PTR [rax]
  400e06:	66 2e 0f 1f 84 00 00 	nop    WORD PTR cs:[rax+rax*1+0x0]
  400e0d:	00 00 00 

0000000000400e10 <bench_c_divide_plusq_64>:
  400e10:	c5 fd 6f 15 a8 1a 00 	vmovdqa ymm2,YMMWORD PTR [rip+0x1aa8]        # 4028c0 <algo_names+0x60>
  400e17:	00 
  400e18:	31 c0                	xor    eax,eax
  400e1a:	c5 e1 ef db          	vpxor  xmm3,xmm3,xmm3
  400e1e:	c5 fd 6f 2d ba 1a 00 	vmovdqa ymm5,YMMWORD PTR [rip+0x1aba]        # 4028e0 <algo_names+0x80>
  400e25:	00 
  400e26:	c5 fd 6f 25 12 1b 00 	vmovdqa ymm4,YMMWORD PTR [rip+0x1b12]        # 402940 <algo_names+0xe0>
  400e2d:	00 
  400e2e:	66 90                	xchg   ax,ax
  400e30:	c4 e2 7d 35 c2       	vpmovzxdq ymm0,xmm2
  400e35:	c4 e3 7d 39 d1 01    	vextracti128 xmm1,ymm2,0x1
  400e3b:	c4 e2 7d 35 c9       	vpmovzxdq ymm1,xmm1
  400e40:	83 c0 01             	add    eax,0x1
  400e43:	c5 fd d4 c4          	vpaddq ymm0,ymm0,ymm4
  400e47:	c5 f5 d4 cc          	vpaddq ymm1,ymm1,ymm4
  400e4b:	c5 f5 73 d1 03       	vpsrlq ymm1,ymm1,0x3
  400e50:	c5 ed fe d5          	vpaddd ymm2,ymm2,ymm5
  400e54:	c5 fd 73 d0 03       	vpsrlq ymm0,ymm0,0x3
  400e59:	c4 e3 7d 46 f1 20    	vperm2i128 ymm6,ymm0,ymm1,0x20
  400e5f:	c4 e3 7d 46 c1 31    	vperm2i128 ymm0,ymm0,ymm1,0x31
  400e65:	c5 fd 70 ce d8       	vpshufd ymm1,ymm6,0xd8
  400e6a:	c5 fd 70 c0 d8       	vpshufd ymm0,ymm0,0xd8
  400e6f:	c5 f5 6c c0          	vpunpcklqdq ymm0,ymm1,ymm0
  400e73:	c5 e5 fe d8          	vpaddd ymm3,ymm3,ymm0
  400e77:	3d 40 59 73 07       	cmp    eax,0x7735940
  400e7c:	75 b2                	jne    400e30 <bench_c_divide_plusq_64+0x20>
  400e7e:	c5 f1 ef c9          	vpxor  xmm1,xmm1,xmm1
  400e82:	c4 e3 65 46 c1 21    	vperm2i128 ymm0,ymm3,ymm1,0x21
  400e88:	c5 e5 fe d8          	vpaddd ymm3,ymm3,ymm0
  400e8c:	c4 e3 65 46 c1 21    	vperm2i128 ymm0,ymm3,ymm1,0x21
  400e92:	c4 e3 7d 0f c3 08    	vpalignr ymm0,ymm0,ymm3,0x8
  400e98:	c5 e5 fe c0          	vpaddd ymm0,ymm3,ymm0
  400e9c:	c4 e3 7d 46 c9 21    	vperm2i128 ymm1,ymm0,ymm1,0x21
  400ea2:	c4 e3 75 0f c8 04    	vpalignr ymm1,ymm1,ymm0,0x4
  400ea8:	c5 fd fe c1          	vpaddd ymm0,ymm0,ymm1
  400eac:	c5 f9 7e c0          	vmovd  eax,xmm0
  400eb0:	01 f8                	add    eax,edi
  400eb2:	c5 f8 77             	vzeroupper 
  400eb5:	c3                   	ret    
  400eb6:	66 2e 0f 1f 84 00 00 	nop    WORD PTR cs:[rax+rax*1+0x0]
  400ebd:	00 00 00 

0000000000400ec0 <bench_c_divide_dummy_32>:
  400ec0:	c5 fd 6f 05 f8 19 00 	vmovdqa ymm0,YMMWORD PTR [rip+0x19f8]        # 4028c0 <algo_names+0x60>
  400ec7:	00 
  400ec8:	31 c0                	xor    eax,eax
  400eca:	c5 f1 ef c9          	vpxor  xmm1,xmm1,xmm1
  400ece:	c5 fd 6f 15 0a 1a 00 	vmovdqa ymm2,YMMWORD PTR [rip+0x1a0a]        # 4028e0 <algo_names+0x80>
  400ed5:	00 
  400ed6:	66 2e 0f 1f 84 00 00 	nop    WORD PTR cs:[rax+rax*1+0x0]
  400edd:	00 00 00 
  400ee0:	c5 fd fe c2          	vpaddd ymm0,ymm0,ymm2
  400ee4:	83 c0 01             	add    eax,0x1
  400ee7:	c5 f5 fe c8          	vpaddd ymm1,ymm1,ymm0
  400eeb:	3d 40 59 73 07       	cmp    eax,0x7735940
  400ef0:	75 ee                	jne    400ee0 <bench_c_divide_dummy_32+0x20>
  400ef2:	c5 e9 ef d2          	vpxor  xmm2,xmm2,xmm2
  400ef6:	c4 e3 75 46 c2 21    	vperm2i128 ymm0,ymm1,ymm2,0x21
  400efc:	c5 f5 fe c8          	vpaddd ymm1,ymm1,ymm0
  400f00:	c4 e3 75 46 c2 21    	vperm2i128 ymm0,ymm1,ymm2,0x21
  400f06:	c4 e3 7d 0f c1 08    	vpalignr ymm0,ymm0,ymm1,0x8
  400f0c:	c5 f5 fe c0          	vpaddd ymm0,ymm1,ymm0
  400f10:	c4 e3 7d 46 ca 21    	vperm2i128 ymm1,ymm0,ymm2,0x21
  400f16:	c4 e3 75 0f c8 04    	vpalignr ymm1,ymm1,ymm0,0x4
  400f1c:	c5 fd fe c1          	vpaddd ymm0,ymm0,ymm1
  400f20:	c5 f9 7e c0          	vmovd  eax,xmm0
  400f24:	01 f8                	add    eax,edi
  400f26:	c5 f8 77             	vzeroupper 
  400f29:	c3                   	ret    
  400f2a:	66 0f 1f 44 00 00    	nop    WORD PTR [rax+rax*1+0x0]

0000000000400f30 <bench_c_divide_dummy_64>:
  400f30:	c5 fd 6f 1d 88 19 00 	vmovdqa ymm3,YMMWORD PTR [rip+0x1988]        # 4028c0 <algo_names+0x60>
  400f37:	00 
  400f38:	31 c0                	xor    eax,eax
  400f3a:	c5 d9 ef e4          	vpxor  xmm4,xmm4,xmm4
  400f3e:	c5 fd 6f 35 9a 19 00 	vmovdqa ymm6,YMMWORD PTR [rip+0x199a]        # 4028e0 <algo_names+0x80>
  400f45:	00 
  400f46:	c5 fd 6f 2d 12 1a 00 	vmovdqa ymm5,YMMWORD PTR [rip+0x1a12]        # 402960 <algo_names+0x100>
  400f4d:	00 
  400f4e:	66 90                	xchg   ax,ax
  400f50:	c4 e2 7d 35 c3       	vpmovzxdq ymm0,xmm3
  400f55:	c4 e3 7d 39 d9 01    	vextracti128 xmm1,ymm3,0x1
  400f5b:	c4 e2 7d 35 c9       	vpmovzxdq ymm1,xmm1
  400f60:	83 c0 01             	add    eax,0x1
  400f63:	c5 f5 d4 cd          	vpaddq ymm1,ymm1,ymm5
  400f67:	c5 fd d4 c5          	vpaddq ymm0,ymm0,ymm5
  400f6b:	c4 e3 7d 46 d1 20    	vperm2i128 ymm2,ymm0,ymm1,0x20
  400f71:	c5 e5 fe de          	vpaddd ymm3,ymm3,ymm6
  400f75:	c4 e3 7d 46 c1 31    	vperm2i128 ymm0,ymm0,ymm1,0x31
  400f7b:	c5 fd 70 ca d8       	vpshufd ymm1,ymm2,0xd8
  400f80:	c5 fd 70 c0 d8       	vpshufd ymm0,ymm0,0xd8
  400f85:	c5 f5 6c c0          	vpunpcklqdq ymm0,ymm1,ymm0
  400f89:	c5 dd fe e0          	vpaddd ymm4,ymm4,ymm0
  400f8d:	3d 40 59 73 07       	cmp    eax,0x7735940
  400f92:	75 bc                	jne    400f50 <bench_c_divide_dummy_64+0x20>
  400f94:	c5 f1 ef c9          	vpxor  xmm1,xmm1,xmm1
  400f98:	c4 e3 5d 46 c1 21    	vperm2i128 ymm0,ymm4,ymm1,0x21
  400f9e:	c5 dd fe e0          	vpaddd ymm4,ymm4,ymm0
  400fa2:	c4 e3 5d 46 c1 21    	vperm2i128 ymm0,ymm4,ymm1,0x21
  400fa8:	c4 e3 7d 0f c4 08    	vpalignr ymm0,ymm0,ymm4,0x8
  400fae:	c5 dd fe c0          	vpaddd ymm0,ymm4,ymm0
  400fb2:	c4 e3 7d 46 c9 21    	vperm2i128 ymm1,ymm0,ymm1,0x21
  400fb8:	c4 e3 75 0f c8 04    	vpalignr ymm1,ymm1,ymm0,0x4
  400fbe:	c5 fd fe c1          	vpaddd ymm0,ymm0,ymm1
  400fc2:	c5 f9 7e c0          	vmovd  eax,xmm0
  400fc6:	01 f8                	add    eax,edi
  400fc8:	c5 f8 77             	vzeroupper 
  400fcb:	c3                   	ret    
  400fcc:	0f 1f 40 00          	nop    DWORD PTR [rax+0x0]

0000000000400fd0 <bench_i_divide_weather_32>:
  400fd0:	41 b9 01 00 00 00    	mov    r9d,0x1
  400fd6:	31 c9                	xor    ecx,ecx
  400fd8:	eb 0d                	jmp    400fe7 <bench_i_divide_weather_32+0x17>
  400fda:	66 0f 1f 44 00 00    	nop    WORD PTR [rax+rax*1+0x0]
  400fe0:	41 83 c1 01          	add    r9d,0x1
  400fe4:	83 c1 01             	add    ecx,0x1
  400fe7:	89 c8                	mov    eax,ecx
  400fe9:	31 d2                	xor    edx,edx
  400feb:	f7 f6                	div    esi
  400fed:	41 89 c0             	mov    r8d,eax
  400ff0:	85 c9                	test   ecx,ecx
  400ff2:	74 21                	je     401015 <bench_i_divide_weather_32+0x45>
  400ff4:	8d 41 ff             	lea    eax,[rcx-0x1]
  400ff7:	31 d2                	xor    edx,edx
  400ff9:	f7 f6                	div    esi
  400ffb:	41 8d 50 01          	lea    edx,[r8+0x1]
  400fff:	41 39 c0             	cmp    r8d,eax
  401002:	44 0f 44 c2          	cmove  r8d,edx
  401006:	44 01 c7             	add    edi,r8d
  401009:	41 81 f9 00 ca 9a 3b 	cmp    r9d,0x3b9aca00
  401010:	75 ce                	jne    400fe0 <bench_i_divide_weather_32+0x10>
  401012:	89 f8                	mov    eax,edi
  401014:	c3                   	ret    
  401015:	01 c7                	add    edi,eax
  401017:	eb c7                	jmp    400fe0 <bench_i_divide_weather_32+0x10>
  401019:	0f 1f 80 00 00 00 00 	nop    DWORD PTR [rax+0x0]

0000000000401020 <bench_i_divide_weather_64>:
  401020:	89 f6                	mov    esi,esi
  401022:	41 b9 01 00 00 00    	mov    r9d,0x1
  401028:	31 c9                	xor    ecx,ecx
  40102a:	eb 0c                	jmp    401038 <bench_i_divide_weather_64+0x18>
  40102c:	0f 1f 40 00          	nop    DWORD PTR [rax+0x0]
  401030:	48 83 c1 01          	add    rcx,0x1
  401034:	41 83 c1 01          	add    r9d,0x1
  401038:	48 89 c8             	mov    rax,rcx
  40103b:	31 d2                	xor    edx,edx
  40103d:	48 f7 f6             	div    rsi
  401040:	49 89 c0             	mov    r8,rax
  401043:	48 85 c9             	test   rcx,rcx
  401046:	74 23                	je     40106b <bench_i_divide_weather_64+0x4b>
  401048:	48 8d 41 ff          	lea    rax,[rcx-0x1]
  40104c:	31 d2                	xor    edx,edx
  40104e:	48 f7 f6             	div    rsi
  401051:	49 8d 50 01          	lea    rdx,[r8+0x1]
  401055:	49 39 c0             	cmp    r8,rax
  401058:	4c 0f 44 c2          	cmove  r8,rdx
  40105c:	44 01 c7             	add    edi,r8d
  40105f:	41 81 f9 00 ca 9a 3b 	cmp    r9d,0x3b9aca00
  401066:	75 c8                	jne    401030 <bench_i_divide_weather_64+0x10>
  401068:	89 f8                	mov    eax,edi
  40106a:	c3                   	ret    
  40106b:	01 c7                	add    edi,eax
  40106d:	eb c1                	jmp    401030 <bench_i_divide_weather_64+0x10>
  40106f:	90                   	nop

0000000000401070 <bench_i_divide_dummy_64>:
  401070:	c5 f9 6e de          	vmovd  xmm3,esi
  401074:	31 c0                	xor    eax,eax
  401076:	c5 f9 ef c0          	vpxor  xmm0,xmm0,xmm0
  40107a:	c5 fd 6f 0d 3e 18 00 	vmovdqa ymm1,YMMWORD PTR [rip+0x183e]        # 4028c0 <algo_names+0x60>
  401081:	00 
  401082:	c5 fd 6f 25 56 18 00 	vmovdqa ymm4,YMMWORD PTR [rip+0x1856]        # 4028e0 <algo_names+0x80>
  401089:	00 
  40108a:	c4 e2 7d 58 db       	vpbroadcastd ymm3,xmm3
  40108f:	90                   	nop
  401090:	c5 e5 fe d1          	vpaddd ymm2,ymm3,ymm1
  401094:	83 c0 01             	add    eax,0x1
  401097:	c5 f5 fe cc          	vpaddd ymm1,ymm1,ymm4
  40109b:	c5 fd fe c2          	vpaddd ymm0,ymm0,ymm2
  40109f:	3d 40 59 73 07       	cmp    eax,0x7735940
  4010a4:	75 ea                	jne    401090 <bench_i_divide_dummy_64+0x20>
  4010a6:	c5 f1 ef c9          	vpxor  xmm1,xmm1,xmm1
  4010aa:	c4 e3 7d 46 d1 21    	vperm2i128 ymm2,ymm0,ymm1,0x21
  4010b0:	c5 fd fe c2          	vpaddd ymm0,ymm0,ymm2
  4010b4:	c4 e3 7d 46 d1 21    	vperm2i128 ymm2,ymm0,ymm1,0x21
  4010ba:	c4 e3 6d 0f d0 08    	vpalignr ymm2,ymm2,ymm0,0x8
  4010c0:	c5 fd fe c2          	vpaddd ymm0,ymm0,ymm2
  4010c4:	c4 e3 7d 46 c9 21    	vperm2i128 ymm1,ymm0,ymm1,0x21
  4010ca:	c4 e3 75 0f c8 04    	vpalignr ymm1,ymm1,ymm0,0x4
  4010d0:	c5 fd fe c1          	vpaddd ymm0,ymm0,ymm1
  4010d4:	c5 f9 7e c0          	vmovd  eax,xmm0
  4010d8:	01 f8                	add    eax,edi
  4010da:	c5 f8 77             	vzeroupper 
  4010dd:	c3                   	ret    
  4010de:	66 90                	xchg   ax,ax

00000000004010e0 <bench_v_divide_weather_32>:
  4010e0:	41 b9 01 00 00 00    	mov    r9d,0x1
  4010e6:	31 c9                	xor    ecx,ecx
  4010e8:	eb 0d                	jmp    4010f7 <bench_v_divide_weather_32+0x17>
  4010ea:	66 0f 1f 44 00 00    	nop    WORD PTR [rax+rax*1+0x0]
  4010f0:	41 83 c1 01          	add    r9d,0x1
  4010f4:	83 c1 01             	add    ecx,0x1
  4010f7:	89 c8                	mov    eax,ecx
  4010f9:	31 d2                	xor    edx,edx
  4010fb:	f7 f6                	div    esi
  4010fd:	41 89 c0             	mov    r8d,eax
  401100:	85 c9                	test   ecx,ecx
  401102:	74 27                	je     40112b <bench_v_divide_weather_32+0x4b>
  401104:	8d 41 ff             	lea    eax,[rcx-0x1]
  401107:	31 d2                	xor    edx,edx
  401109:	f7 f6                	div    esi
  40110b:	c4 e3 7b f0 f6 1f    	rorx   esi,esi,0x1f
  401111:	41 8d 50 01          	lea    edx,[r8+0x1]
  401115:	41 39 c0             	cmp    r8d,eax
  401118:	44 0f 44 c2          	cmove  r8d,edx
  40111c:	44 01 c7             	add    edi,r8d
  40111f:	41 81 f9 00 ca 9a 3b 	cmp    r9d,0x3b9aca00
  401126:	75 c8                	jne    4010f0 <bench_v_divide_weather_32+0x10>
  401128:	89 f8                	mov    eax,edi
  40112a:	c3                   	ret    
  40112b:	01 c7                	add    edi,eax
  40112d:	c4 e3 7b f0 f6 1f    	rorx   esi,esi,0x1f
  401133:	eb bb                	jmp    4010f0 <bench_v_divide_weather_32+0x10>
  401135:	90                   	nop
  401136:	66 2e 0f 1f 84 00 00 	nop    WORD PTR cs:[rax+rax*1+0x0]
  40113d:	00 00 00 

0000000000401140 <bench_v_divide_weather_64>:
  401140:	41 ba 01 00 00 00    	mov    r10d,0x1
  401146:	31 c9                	xor    ecx,ecx
  401148:	eb 0e                	jmp    401158 <bench_v_divide_weather_64+0x18>
  40114a:	66 0f 1f 44 00 00    	nop    WORD PTR [rax+rax*1+0x0]
  401150:	48 83 c1 01          	add    rcx,0x1
  401154:	41 83 c2 01          	add    r10d,0x1
  401158:	41 89 f0             	mov    r8d,esi
  40115b:	48 89 c8             	mov    rax,rcx
  40115e:	31 d2                	xor    edx,edx
  401160:	49 f7 f0             	div    r8
  401163:	49 89 c1             	mov    r9,rax
  401166:	48 85 c9             	test   rcx,rcx
  401169:	74 29                	je     401194 <bench_v_divide_weather_64+0x54>
  40116b:	48 8d 41 ff          	lea    rax,[rcx-0x1]
  40116f:	31 d2                	xor    edx,edx
  401171:	c4 e3 7b f0 f6 1f    	rorx   esi,esi,0x1f
  401177:	49 f7 f0             	div    r8
  40117a:	49 8d 51 01          	lea    rdx,[r9+0x1]
  40117e:	49 39 c1             	cmp    r9,rax
  401181:	4c 0f 44 ca          	cmove  r9,rdx
  401185:	44 01 cf             	add    edi,r9d
  401188:	41 81 fa 00 ca 9a 3b 	cmp    r10d,0x3b9aca00
  40118f:	75 bf                	jne    401150 <bench_v_divide_weather_64+0x10>
  401191:	89 f8                	mov    eax,edi
  401193:	c3                   	ret    
  401194:	01 c7                	add    edi,eax
  401196:	c4 e3 7b f0 f6 1f    	rorx   esi,esi,0x1f
  40119c:	eb b2                	jmp    401150 <bench_v_divide_weather_64+0x10>
  40119e:	66 90                	xchg   ax,ax

00000000004011a0 <bench_v_divide_dummy_64>:
  4011a0:	89 f8                	mov    eax,edi
  4011a2:	31 d2                	xor    edx,edx
  4011a4:	0f 1f 40 00          	nop    DWORD PTR [rax+0x0]
  4011a8:	8d 0c 16             	lea    ecx,[rsi+rdx*1]
  4011ab:	83 c2 01             	add    edx,0x1
  4011ae:	c4 e3 7b f0 f6 1f    	rorx   esi,esi,0x1f
  4011b4:	01 c8                	add    eax,ecx
  4011b6:	81 fa 00 ca 9a 3b    	cmp    edx,0x3b9aca00
  4011bc:	75 ea                	jne    4011a8 <bench_v_divide_dummy_64+0x8>
  4011be:	c3                   	ret    
  4011bf:	90                   	nop

00000000004011c0 <bench_i_stoke32_32>:
  4011c0:	0f bd c6             	bsr    eax,esi
  4011c3:	c5 e1 ef db          	vpxor  xmm3,xmm3,xmm3
  4011c7:	c5 fd 6f 15 f1 16 00 	vmovdqa ymm2,YMMWORD PTR [rip+0x16f1]        # 4028c0 <algo_names+0x60>
  4011ce:	00 
  4011cf:	c5 dd 76 e4          	vpcmpeqd ymm4,ymm4,ymm4
  4011d3:	c5 fd 6f 35 05 17 00 	vmovdqa ymm6,YMMWORD PTR [rip+0x1705]        # 4028e0 <algo_names+0x80>
  4011da:	00 
  4011db:	c5 79 6e c0          	vmovd  xmm8,eax
  4011df:	31 c0                	xor    eax,eax
  4011e1:	c5 fd 6f 2d 17 17 00 	vmovdqa ymm5,YMMWORD PTR [rip+0x1717]        # 402900 <algo_names+0xa0>
  4011e8:	00 
  4011e9:	0f 1f 80 00 00 00 00 	nop    DWORD PTR [rax+0x0]
  4011f0:	c4 e2 7d 35 c2       	vpmovzxdq ymm0,xmm2
  4011f5:	c4 e3 7d 39 d1 01    	vextracti128 xmm1,ymm2,0x1
  4011fb:	c4 e2 7d 35 c9       	vpmovzxdq ymm1,xmm1
  401200:	83 c0 01             	add    eax,0x1
  401203:	c5 fd d4 c4          	vpaddq ymm0,ymm0,ymm4
  401207:	c5 f5 d4 cc          	vpaddq ymm1,ymm1,ymm4
  40120b:	c4 c1 75 d3 c8       	vpsrlq ymm1,ymm1,xmm8
  401210:	c5 ed fe d6          	vpaddd ymm2,ymm2,ymm6
  401214:	c4 c1 7d d3 c0       	vpsrlq ymm0,ymm0,xmm8
  401219:	c4 e3 7d 46 f9 20    	vperm2i128 ymm7,ymm0,ymm1,0x20
  40121f:	c4 e3 7d 46 c1 31    	vperm2i128 ymm0,ymm0,ymm1,0x31
  401225:	c5 fd 70 cf d8       	vpshufd ymm1,ymm7,0xd8
  40122a:	c5 fd 70 c0 d8       	vpshufd ymm0,ymm0,0xd8
  40122f:	c5 f5 6c c0          	vpunpcklqdq ymm0,ymm1,ymm0
  401233:	c5 d5 fe c0          	vpaddd ymm0,ymm5,ymm0
  401237:	c5 e5 fe d8          	vpaddd ymm3,ymm3,ymm0
  40123b:	3d 40 59 73 07       	cmp    eax,0x7735940
  401240:	75 ae                	jne    4011f0 <bench_i_stoke32_32+0x30>
  401242:	c5 f1 ef c9          	vpxor  xmm1,xmm1,xmm1
  401246:	c4 e3 65 46 c1 21    	vperm2i128 ymm0,ymm3,ymm1,0x21
  40124c:	c5 fd fe db          	vpaddd ymm3,ymm0,ymm3
  401250:	c4 e3 65 46 c1 21    	vperm2i128 ymm0,ymm3,ymm1,0x21
  401256:	c4 e3 7d 0f c3 08    	vpalignr ymm0,ymm0,ymm3,0x8
  40125c:	c5 e5 fe c0          	vpaddd ymm0,ymm3,ymm0
  401260:	c4 e3 7d 46 c9 21    	vperm2i128 ymm1,ymm0,ymm1,0x21
  401266:	c4 e3 75 0f c8 04    	vpalignr ymm1,ymm1,ymm0,0x4
  40126c:	c5 fd fe c1          	vpaddd ymm0,ymm0,ymm1
  401270:	c5 f9 7e c0          	vmovd  eax,xmm0
  401274:	01 f8                	add    eax,edi
  401276:	c5 f8 77             	vzeroupper 
  401279:	c3                   	ret    
  40127a:	66 0f 1f 44 00 00    	nop    WORD PTR [rax+rax*1+0x0]

0000000000401280 <bench_i_divide_chux_32>:
  401280:	8d 46 ff             	lea    eax,[rsi-0x1]
  401283:	0f bd d6             	bsr    edx,esi
  401286:	c5 e9 ef d2          	vpxor  xmm2,xmm2,xmm2
  40128a:	c5 fd 6f 0d 2e 16 00 	vmovdqa ymm1,YMMWORD PTR [rip+0x162e]        # 4028c0 <algo_names+0x60>
  401291:	00 
  401292:	c5 f9 6e f0          	vmovd  xmm6,eax
  401296:	c5 f9 6e ea          	vmovd  xmm5,edx
  40129a:	31 c0                	xor    eax,eax
  40129c:	c5 7d 6f 0d 3c 16 00 	vmovdqa ymm9,YMMWORD PTR [rip+0x163c]        # 4028e0 <algo_names+0x80>
  4012a3:	00 
  4012a4:	c5 7d 6f 05 54 16 00 	vmovdqa ymm8,YMMWORD PTR [rip+0x1654]        # 402900 <algo_names+0xa0>
  4012ab:	00 
  4012ac:	c4 e2 7d 58 f6       	vpbroadcastd ymm6,xmm6
  4012b1:	c5 fd 6f fa          	vmovdqa ymm7,ymm2
  4012b5:	0f 1f 00             	nop    DWORD PTR [rax]
  4012b8:	c5 cd db c1          	vpand  ymm0,ymm6,ymm1
  4012bc:	c5 fd 76 c7          	vpcmpeqd ymm0,ymm0,ymm7
  4012c0:	83 c0 01             	add    eax,0x1
  4012c3:	c5 d9 ef e4          	vpxor  xmm4,xmm4,xmm4
  4012c7:	c5 f5 d2 dd          	vpsrld ymm3,ymm1,xmm5
  4012cb:	c4 c1 75 fe c9       	vpaddd ymm1,ymm1,ymm9
  4012d0:	c4 c1 7d df c0       	vpandn ymm0,ymm0,ymm8
  4012d5:	c5 fd fe c3          	vpaddd ymm0,ymm0,ymm3
  4012d9:	c5 ed fe d0          	vpaddd ymm2,ymm2,ymm0
  4012dd:	3d 40 59 73 07       	cmp    eax,0x7735940
  4012e2:	75 d4                	jne    4012b8 <bench_i_divide_chux_32+0x38>
  4012e4:	c4 e3 6d 46 c4 21    	vperm2i128 ymm0,ymm2,ymm4,0x21
  4012ea:	c5 ed fe d0          	vpaddd ymm2,ymm2,ymm0
  4012ee:	c4 e3 6d 46 c4 21    	vperm2i128 ymm0,ymm2,ymm4,0x21
  4012f4:	c4 e3 7d 0f c2 08    	vpalignr ymm0,ymm0,ymm2,0x8
  4012fa:	c5 ed fe c0          	vpaddd ymm0,ymm2,ymm0
  4012fe:	c4 e3 7d 46 cc 21    	vperm2i128 ymm1,ymm0,ymm4,0x21
  401304:	c4 e3 75 0f c8 04    	vpalignr ymm1,ymm1,ymm0,0x4
  40130a:	c5 fd fe c1          	vpaddd ymm0,ymm0,ymm1
  40130e:	c5 f9 7e c0          	vmovd  eax,xmm0
  401312:	01 f8                	add    eax,edi
  401314:	c5 f8 77             	vzeroupper 
  401317:	c3                   	ret    
  401318:	0f 1f 84 00 00 00 00 	nop    DWORD PTR [rax+rax*1+0x0]
  40131f:	00 

0000000000401320 <bench_i_divide_user23_32>:
  401320:	c5 fd 6f 0d 98 15 00 	vmovdqa ymm1,YMMWORD PTR [rip+0x1598]        # 4028c0 <algo_names+0x60>
  401327:	00 
  401328:	0f bd c6             	bsr    eax,esi
  40132b:	83 ee 01             	sub    esi,0x1
  40132e:	c5 e1 ef db          	vpxor  xmm3,xmm3,xmm3
  401332:	c5 f9 6e d6          	vmovd  xmm2,esi
  401336:	c5 f9 6e e0          	vmovd  xmm4,eax
  40133a:	31 c0                	xor    eax,eax
  40133c:	c5 fd 6f 35 9c 15 00 	vmovdqa ymm6,YMMWORD PTR [rip+0x159c]        # 4028e0 <algo_names+0x80>
  401343:	00 
  401344:	c4 e2 7d 58 d2       	vpbroadcastd ymm2,xmm2
  401349:	0f 1f 80 00 00 00 00 	nop    DWORD PTR [rax+0x0]
  401350:	c5 ed db c1          	vpand  ymm0,ymm2,ymm1
  401354:	c5 fd fe c2          	vpaddd ymm0,ymm0,ymm2
  401358:	c5 f5 d2 ec          	vpsrld ymm5,ymm1,xmm4
  40135c:	83 c0 01             	add    eax,0x1
  40135f:	c5 fd d2 c4          	vpsrld ymm0,ymm0,xmm4
  401363:	c5 f5 fe ce          	vpaddd ymm1,ymm1,ymm6
  401367:	c5 fd fe c5          	vpaddd ymm0,ymm0,ymm5
  40136b:	c5 e5 fe d8          	vpaddd ymm3,ymm3,ymm0
  40136f:	3d 40 59 73 07       	cmp    eax,0x7735940
  401374:	75 da                	jne    401350 <bench_i_divide_user23_32+0x30>
  401376:	c5 f1 ef c9          	vpxor  xmm1,xmm1,xmm1
  40137a:	c4 e3 65 46 c1 21    	vperm2i128 ymm0,ymm3,ymm1,0x21
  401380:	c5 fd fe db          	vpaddd ymm3,ymm0,ymm3
  401384:	c4 e3 65 46 c1 21    	vperm2i128 ymm0,ymm3,ymm1,0x21
  40138a:	c4 e3 7d 0f c3 08    	vpalignr ymm0,ymm0,ymm3,0x8
  401390:	c5 e5 fe c0          	vpaddd ymm0,ymm3,ymm0
  401394:	c4 e3 7d 46 c9 21    	vperm2i128 ymm1,ymm0,ymm1,0x21
  40139a:	c4 e3 75 0f c8 04    	vpalignr ymm1,ymm1,ymm0,0x4
  4013a0:	c5 fd fe c1          	vpaddd ymm0,ymm0,ymm1
  4013a4:	c5 f9 7e c0          	vmovd  eax,xmm0
  4013a8:	01 f8                	add    eax,edi
  4013aa:	c5 f8 77             	vzeroupper 
  4013ad:	c3                   	ret    
  4013ae:	66 90                	xchg   ax,ax

00000000004013b0 <bench_i_divide_user23_variant_32>:
  4013b0:	c5 fd 6f 0d 08 15 00 	vmovdqa ymm1,YMMWORD PTR [rip+0x1508]        # 4028c0 <algo_names+0x60>
  4013b7:	00 
  4013b8:	0f bd c6             	bsr    eax,esi
  4013bb:	83 ee 01             	sub    esi,0x1
  4013be:	c5 e9 ef d2          	vpxor  xmm2,xmm2,xmm2
  4013c2:	c5 f9 6e ee          	vmovd  xmm5,esi
  4013c6:	c5 79 6e c8          	vmovd  xmm9,eax
  4013ca:	c5 fd 6f f2          	vmovdqa ymm6,ymm2
  4013ce:	c5 7d 6f 05 0a 15 00 	vmovdqa ymm8,YMMWORD PTR [rip+0x150a]        # 4028e0 <algo_names+0x80>
  4013d5:	00 
  4013d6:	c5 fd 6f 3d 22 15 00 	vmovdqa ymm7,YMMWORD PTR [rip+0x1522]        # 402900 <algo_names+0xa0>
  4013dd:	00 
  4013de:	c4 e2 7d 58 ed       	vpbroadcastd ymm5,xmm5
  4013e3:	31 c0                	xor    eax,eax
  4013e5:	0f 1f 00             	nop    DWORD PTR [rax]
  4013e8:	c5 d5 db c1          	vpand  ymm0,ymm5,ymm1
  4013ec:	c5 fd 76 c6          	vpcmpeqd ymm0,ymm0,ymm6
  4013f0:	83 c0 01             	add    eax,0x1
  4013f3:	c5 d9 ef e4          	vpxor  xmm4,xmm4,xmm4
  4013f7:	c4 c1 75 d2 d9       	vpsrld ymm3,ymm1,xmm9
  4013fc:	c4 c1 75 fe c8       	vpaddd ymm1,ymm1,ymm8
  401401:	c5 fd df c7          	vpandn ymm0,ymm0,ymm7
  401405:	c5 fd fe c3          	vpaddd ymm0,ymm0,ymm3
  401409:	c5 ed fe d0          	vpaddd ymm2,ymm2,ymm0
  40140d:	3d 40 59 73 07       	cmp    eax,0x7735940
  401412:	75 d4                	jne    4013e8 <bench_i_divide_user23_variant_32+0x38>
  401414:	c4 e3 6d 46 c4 21    	vperm2i128 ymm0,ymm2,ymm4,0x21
  40141a:	c5 ed fe d0          	vpaddd ymm2,ymm2,ymm0
  40141e:	c4 e3 6d 46 c4 21    	vperm2i128 ymm0,ymm2,ymm4,0x21
  401424:	c4 e3 7d 0f c2 08    	vpalignr ymm0,ymm0,ymm2,0x8
  40142a:	c5 ed fe c0          	vpaddd ymm0,ymm2,ymm0
  40142e:	c4 e3 7d 46 cc 21    	vperm2i128 ymm1,ymm0,ymm4,0x21
  401434:	c4 e3 75 0f c8 04    	vpalignr ymm1,ymm1,ymm0,0x4
  40143a:	c5 fd fe c1          	vpaddd ymm0,ymm0,ymm1
  40143e:	c5 f9 7e c0          	vmovd  eax,xmm0
  401442:	01 f8                	add    eax,edi
  401444:	c5 f8 77             	vzeroupper 
  401447:	c3                   	ret    
  401448:	0f 1f 84 00 00 00 00 	nop    DWORD PTR [rax+rax*1+0x0]
  40144f:	00 

0000000000401450 <bench_i_divide_chrisdodd_32>:
  401450:	89 f8                	mov    eax,edi
  401452:	0f bd f6             	bsr    esi,esi
  401455:	ba 01 00 00 00       	mov    edx,0x1
  40145a:	eb 07                	jmp    401463 <bench_i_divide_chrisdodd_32+0x13>
  40145c:	0f 1f 40 00          	nop    DWORD PTR [rax+0x0]
  401460:	83 c2 01             	add    edx,0x1
  401463:	83 fa 01             	cmp    edx,0x1
  401466:	74 f8                	je     401460 <bench_i_divide_chrisdodd_32+0x10>
  401468:	8d 4a fe             	lea    ecx,[rdx-0x2]
  40146b:	c4 e2 4b f7 c9       	shrx   ecx,ecx,esi
  401470:	8d 44 08 01          	lea    eax,[rax+rcx*1+0x1]
  401474:	81 fa 00 ca 9a 3b    	cmp    edx,0x3b9aca00
  40147a:	75 e4                	jne    401460 <bench_i_divide_chrisdodd_32+0x10>
  40147c:	c3                   	ret    
  40147d:	0f 1f 00             	nop    DWORD PTR [rax]

0000000000401480 <bench_i_divide_plusq_32>:
  401480:	c5 fd 6f 15 38 14 00 	vmovdqa ymm2,YMMWORD PTR [rip+0x1438]        # 4028c0 <algo_names+0x60>
  401487:	00 
  401488:	0f bd c6             	bsr    eax,esi
  40148b:	83 ee 01             	sub    esi,0x1
  40148e:	c5 f1 ef c9          	vpxor  xmm1,xmm1,xmm1
  401492:	c5 f9 6e de          	vmovd  xmm3,esi
  401496:	c5 f9 6e e8          	vmovd  xmm5,eax
  40149a:	31 c0                	xor    eax,eax
  40149c:	c5 fd 6f 25 3c 14 00 	vmovdqa ymm4,YMMWORD PTR [rip+0x143c]        # 4028e0 <algo_names+0x80>
  4014a3:	00 
  4014a4:	c4 e2 7d 58 db       	vpbroadcastd ymm3,xmm3
  4014a9:	0f 1f 80 00 00 00 00 	nop    DWORD PTR [rax+0x0]
  4014b0:	c5 e5 fe c2          	vpaddd ymm0,ymm3,ymm2
  4014b4:	83 c0 01             	add    eax,0x1
  4014b7:	c5 ed fe d4          	vpaddd ymm2,ymm2,ymm4
  4014bb:	c5 fd d2 c5          	vpsrld ymm0,ymm0,xmm5
  4014bf:	c5 f5 fe c8          	vpaddd ymm1,ymm1,ymm0
  4014c3:	3d 40 59 73 07       	cmp    eax,0x7735940
  4014c8:	75 e6                	jne    4014b0 <bench_i_divide_plusq_32+0x30>
  4014ca:	c5 e9 ef d2          	vpxor  xmm2,xmm2,xmm2
  4014ce:	c4 e3 75 46 c2 21    	vperm2i128 ymm0,ymm1,ymm2,0x21
  4014d4:	c5 f5 fe c8          	vpaddd ymm1,ymm1,ymm0
  4014d8:	c4 e3 75 46 c2 21    	vperm2i128 ymm0,ymm1,ymm2,0x21
  4014de:	c4 e3 7d 0f c1 08    	vpalignr ymm0,ymm0,ymm1,0x8
  4014e4:	c5 f5 fe c0          	vpaddd ymm0,ymm1,ymm0
  4014e8:	c4 e3 7d 46 ca 21    	vperm2i128 ymm1,ymm0,ymm2,0x21
  4014ee:	c4 e3 75 0f c8 04    	vpalignr ymm1,ymm1,ymm0,0x4
  4014f4:	c5 fd fe c1          	vpaddd ymm0,ymm0,ymm1
  4014f8:	c5 f9 7e c0          	vmovd  eax,xmm0
  4014fc:	01 f8                	add    eax,edi
  4014fe:	c5 f8 77             	vzeroupper 
  401501:	c3                   	ret    
  401502:	0f 1f 40 00          	nop    DWORD PTR [rax+0x0]
  401506:	66 2e 0f 1f 84 00 00 	nop    WORD PTR cs:[rax+rax*1+0x0]
  40150d:	00 00 00 

0000000000401510 <bench_v_stoke32_32>:
  401510:	89 f8                	mov    eax,edi
  401512:	48 c7 c2 ff ff ff ff 	mov    rdx,0xffffffffffffffff
  401519:	bf 1f 00 00 00       	mov    edi,0x1f
  40151e:	66 90                	xchg   ax,ax
  401520:	31 c9                	xor    ecx,ecx
  401522:	41 89 f8             	mov    r8d,edi
  401525:	f3 0f bd ce          	lzcnt  ecx,esi
  401529:	41 29 c8             	sub    r8d,ecx
  40152c:	c4 e3 7b f0 f6 1f    	rorx   esi,esi,0x1f
  401532:	44 89 c1             	mov    ecx,r8d
  401535:	c4 e2 f3 f7 ca       	shrx   rcx,rdx,rcx
  40153a:	8d 44 08 01          	lea    eax,[rax+rcx*1+0x1]
  40153e:	48 83 c2 01          	add    rdx,0x1
  401542:	48 81 fa ff c9 9a 3b 	cmp    rdx,0x3b9ac9ff
  401549:	75 d5                	jne    401520 <bench_v_stoke32_32+0x10>
  40154b:	c3                   	ret    
  40154c:	0f 1f 40 00          	nop    DWORD PTR [rax+0x0]

0000000000401550 <bench_v_divide_chux_32>:
  401550:	89 f8                	mov    eax,edi
  401552:	31 c9                	xor    ecx,ecx
  401554:	41 b8 1f 00 00 00    	mov    r8d,0x1f
  40155a:	66 0f 1f 44 00 00    	nop    WORD PTR [rax+rax*1+0x0]
  401560:	8d 7e ff             	lea    edi,[rsi-0x1]
  401563:	31 d2                	xor    edx,edx
  401565:	45 89 c1             	mov    r9d,r8d
  401568:	f3 0f bd d6          	lzcnt  edx,esi
  40156c:	85 cf                	test   edi,ecx
  40156e:	c4 e3 7b f0 f6 1f    	rorx   esi,esi,0x1f
  401574:	40 0f 95 c7          	setne  dil
  401578:	41 29 d1             	sub    r9d,edx
  40157b:	40 0f b6 ff          	movzx  edi,dil
  40157f:	c4 e2 33 f7 d1       	shrx   edx,ecx,r9d
  401584:	83 c1 01             	add    ecx,0x1
  401587:	01 fa                	add    edx,edi
  401589:	01 d0                	add    eax,edx
  40158b:	81 f9 00 ca 9a 3b    	cmp    ecx,0x3b9aca00
  401591:	75 cd                	jne    401560 <bench_v_divide_chux_32+0x10>
  401593:	c3                   	ret    
  401594:	66 90                	xchg   ax,ax
  401596:	66 2e 0f 1f 84 00 00 	nop    WORD PTR cs:[rax+rax*1+0x0]
  40159d:	00 00 00 

00000000004015a0 <bench_v_divide_user23_32>:
  4015a0:	89 f8                	mov    eax,edi
  4015a2:	45 31 c0             	xor    r8d,r8d
  4015a5:	41 b9 1f 00 00 00    	mov    r9d,0x1f
  4015ab:	0f 1f 44 00 00       	nop    DWORD PTR [rax+rax*1+0x0]
  4015b0:	8d 4e ff             	lea    ecx,[rsi-0x1]
  4015b3:	31 d2                	xor    edx,edx
  4015b5:	44 89 cf             	mov    edi,r9d
  4015b8:	f3 0f bd d6          	lzcnt  edx,esi
  4015bc:	29 d7                	sub    edi,edx
  4015be:	c4 e3 7b f0 f6 1f    	rorx   esi,esi,0x1f
  4015c4:	89 fa                	mov    edx,edi
  4015c6:	89 cf                	mov    edi,ecx
  4015c8:	44 21 c7             	and    edi,r8d
  4015cb:	01 f9                	add    ecx,edi
  4015cd:	c4 e2 6b f7 c9       	shrx   ecx,ecx,edx
  4015d2:	c4 c2 6b f7 d0       	shrx   edx,r8d,edx
  4015d7:	41 83 c0 01          	add    r8d,0x1
  4015db:	01 ca                	add    edx,ecx
  4015dd:	01 d0                	add    eax,edx
  4015df:	41 81 f8 00 ca 9a 3b 	cmp    r8d,0x3b9aca00
  4015e6:	75 c8                	jne    4015b0 <bench_v_divide_user23_32+0x10>
  4015e8:	c3                   	ret    
  4015e9:	0f 1f 80 00 00 00 00 	nop    DWORD PTR [rax+0x0]

00000000004015f0 <bench_v_divide_user23_variant_32>:
  4015f0:	89 f8                	mov    eax,edi
  4015f2:	31 c9                	xor    ecx,ecx
  4015f4:	41 b8 1f 00 00 00    	mov    r8d,0x1f
  4015fa:	66 0f 1f 44 00 00    	nop    WORD PTR [rax+rax*1+0x0]
  401600:	8d 7e ff             	lea    edi,[rsi-0x1]
  401603:	31 d2                	xor    edx,edx
  401605:	45 89 c1             	mov    r9d,r8d
  401608:	f3 0f bd d6          	lzcnt  edx,esi
  40160c:	85 cf                	test   edi,ecx
  40160e:	c4 e3 7b f0 f6 1f    	rorx   esi,esi,0x1f
  401614:	40 0f 95 c7          	setne  dil
  401618:	41 29 d1             	sub    r9d,edx
  40161b:	40 0f b6 ff          	movzx  edi,dil
  40161f:	c4 e2 33 f7 d1       	shrx   edx,ecx,r9d
  401624:	83 c1 01             	add    ecx,0x1
  401627:	01 fa                	add    edx,edi
  401629:	01 d0                	add    eax,edx
  40162b:	81 f9 00 ca 9a 3b    	cmp    ecx,0x3b9aca00
  401631:	75 cd                	jne    401600 <bench_v_divide_user23_variant_32+0x10>
  401633:	c3                   	ret    
  401634:	66 90                	xchg   ax,ax
  401636:	66 2e 0f 1f 84 00 00 	nop    WORD PTR cs:[rax+rax*1+0x0]
  40163d:	00 00 00 

0000000000401640 <bench_v_divide_chrisdodd_32>:
  401640:	89 f8                	mov    eax,edi
  401642:	ba 01 00 00 00       	mov    edx,0x1
  401647:	41 b8 1f 00 00 00    	mov    r8d,0x1f
  40164d:	eb 04                	jmp    401653 <bench_v_divide_chrisdodd_32+0x13>
  40164f:	90                   	nop
  401650:	83 c2 01             	add    edx,0x1
  401653:	31 c9                	xor    ecx,ecx
  401655:	44 89 c7             	mov    edi,r8d
  401658:	f3 0f bd ce          	lzcnt  ecx,esi
  40165c:	29 cf                	sub    edi,ecx
  40165e:	83 fa 01             	cmp    edx,0x1
  401661:	74 1b                	je     40167e <bench_v_divide_chrisdodd_32+0x3e>
  401663:	8d 4a fe             	lea    ecx,[rdx-0x2]
  401666:	c4 e3 7b f0 f6 1f    	rorx   esi,esi,0x1f
  40166c:	c4 e2 43 f7 c9       	shrx   ecx,ecx,edi
  401671:	8d 44 08 01          	lea    eax,[rax+rcx*1+0x1]
  401675:	81 fa 00 ca 9a 3b    	cmp    edx,0x3b9aca00
  40167b:	75 d3                	jne    401650 <bench_v_divide_chrisdodd_32+0x10>
  40167d:	c3                   	ret    
  40167e:	c4 e3 7b f0 f6 1f    	rorx   esi,esi,0x1f
  401684:	eb ca                	jmp    401650 <bench_v_divide_chrisdodd_32+0x10>
  401686:	66 2e 0f 1f 84 00 00 	nop    WORD PTR cs:[rax+rax*1+0x0]
  40168d:	00 00 00 

0000000000401690 <bench_v_divide_plusq_32>:
  401690:	89 f8                	mov    eax,edi
  401692:	31 d2                	xor    edx,edx
  401694:	41 b8 1f 00 00 00    	mov    r8d,0x1f
  40169a:	66 0f 1f 44 00 00    	nop    WORD PTR [rax+rax*1+0x0]
  4016a0:	8d 4c 32 ff          	lea    ecx,[rdx+rsi*1-0x1]
  4016a4:	31 ff                	xor    edi,edi
  4016a6:	45 89 c1             	mov    r9d,r8d
  4016a9:	f3 0f bd fe          	lzcnt  edi,esi
  4016ad:	83 c2 01             	add    edx,0x1
  4016b0:	41 29 f9             	sub    r9d,edi
  4016b3:	c4 e3 7b f0 f6 1f    	rorx   esi,esi,0x1f
  4016b9:	c4 e2 33 f7 c9       	shrx   ecx,ecx,r9d
  4016be:	01 c8                	add    eax,ecx
  4016c0:	81 fa 00 ca 9a 3b    	cmp    edx,0x3b9aca00
  4016c6:	75 d8                	jne    4016a0 <bench_v_divide_plusq_32+0x10>
  4016c8:	c3                   	ret    
  4016c9:	0f 1f 80 00 00 00 00 	nop    DWORD PTR [rax+0x0]

00000000004016d0 <bench_i_stoke32_64>:
  4016d0:	89 f8                	mov    eax,edi
  4016d2:	b9 01 00 00 00       	mov    ecx,0x1
  4016d7:	31 d2                	xor    edx,edx
  4016d9:	f3 0f bc f6          	tzcnt  esi,esi
  4016dd:	eb 1c                	jmp    4016fb <bench_i_stoke32_64+0x2b>
  4016df:	90                   	nop
  4016e0:	c4 e2 cb f7 d1       	shrx   rdx,rcx,rsi
  4016e5:	c4 e2 49 f7 fa       	shlx   edi,edx,esi
  4016ea:	48 39 cf             	cmp    rdi,rcx
  4016ed:	40 0f 95 c7          	setne  dil
  4016f1:	48 83 c1 01          	add    rcx,0x1
  4016f5:	40 0f b6 ff          	movzx  edi,dil
  4016f9:	01 fa                	add    edx,edi
  4016fb:	01 d0                	add    eax,edx
  4016fd:	48 81 f9 00 ca 9a 3b 	cmp    rcx,0x3b9aca00
  401704:	75 da                	jne    4016e0 <bench_i_stoke32_64+0x10>
  401706:	c3                   	ret    
  401707:	66 0f 1f 84 00 00 00 	nop    WORD PTR [rax+rax*1+0x0]
  40170e:	00 00 

0000000000401710 <bench_v_stoke32_64>:
  401710:	89 f8                	mov    eax,edi
  401712:	b9 01 00 00 00       	mov    ecx,0x1
  401717:	31 d2                	xor    edx,edx
  401719:	eb 26                	jmp    401741 <bench_v_stoke32_64+0x31>
  40171b:	0f 1f 44 00 00       	nop    DWORD PTR [rax+rax*1+0x0]
  401720:	45 31 c0             	xor    r8d,r8d
  401723:	31 ff                	xor    edi,edi
  401725:	f3 44 0f bc c6       	tzcnt  r8d,esi
  40172a:	c4 e2 bb f7 d1       	shrx   rdx,rcx,r8
  40172f:	c4 62 39 f7 c2       	shlx   r8d,edx,r8d
  401734:	49 39 c8             	cmp    r8,rcx
  401737:	40 0f 95 c7          	setne  dil
  40173b:	48 83 c1 01          	add    rcx,0x1
  40173f:	01 fa                	add    edx,edi
  401741:	01 d0                	add    eax,edx
  401743:	c4 e3 7b f0 f6 1f    	rorx   esi,esi,0x1f
  401749:	48 81 f9 00 ca 9a 3b 	cmp    rcx,0x3b9aca00
  401750:	75 ce                	jne    401720 <bench_v_stoke32_64+0x10>
  401752:	c3                   	ret    
  401753:	0f 1f 00             	nop    DWORD PTR [rax]
  401756:	66 2e 0f 1f 84 00 00 	nop    WORD PTR cs:[rax+rax*1+0x0]
  40175d:	00 00 00 

0000000000401760 <bench_i_div_stoke_64>:
  401760:	89 f8                	mov    eax,edi
  401762:	31 ff                	xor    edi,edi
  401764:	31 d2                	xor    edx,edx
  401766:	31 c9                	xor    ecx,ecx
  401768:	f3 0f bc fe          	tzcnt  edi,esi
  40176c:	eb 16                	jmp    401784 <bench_i_div_stoke_64+0x24>
  40176e:	66 90                	xchg   ax,ax
  401770:	c4 e2 43 f7 f2       	shrx   esi,edx,edi
  401775:	c4 e2 41 f7 ce       	shlx   ecx,esi,edi
  40177a:	39 ca                	cmp    edx,ecx
  40177c:	0f 95 c1             	setne  cl
  40177f:	0f b6 c9             	movzx  ecx,cl
  401782:	01 f1                	add    ecx,esi
  401784:	83 c2 01             	add    edx,0x1
  401787:	01 c8                	add    eax,ecx
  401789:	81 fa 00 ca 9a 3b    	cmp    edx,0x3b9aca00
  40178f:	75 df                	jne    401770 <bench_i_div_stoke_64+0x10>
  401791:	c3                   	ret    
  401792:	0f 1f 40 00          	nop    DWORD PTR [rax+0x0]
  401796:	66 2e 0f 1f 84 00 00 	nop    WORD PTR cs:[rax+rax*1+0x0]
  40179d:	00 00 00 

00000000004017a0 <bench_v_div_stoke_64>:
  4017a0:	89 f8                	mov    eax,edi
  4017a2:	31 d2                	xor    edx,edx
  4017a4:	31 c9                	xor    ecx,ecx
  4017a6:	eb 23                	jmp    4017cb <bench_v_div_stoke_64+0x2b>
  4017a8:	0f 1f 84 00 00 00 00 	nop    DWORD PTR [rax+rax*1+0x0]
  4017af:	00 
  4017b0:	31 c9                	xor    ecx,ecx
  4017b2:	f3 0f bc ce          	tzcnt  ecx,esi
  4017b6:	c4 62 73 f7 c2       	shrx   r8d,edx,ecx
  4017bb:	c4 c2 71 f7 c8       	shlx   ecx,r8d,ecx
  4017c0:	39 ca                	cmp    edx,ecx
  4017c2:	0f 95 c1             	setne  cl
  4017c5:	0f b6 c9             	movzx  ecx,cl
  4017c8:	44 01 c1             	add    ecx,r8d
  4017cb:	83 c2 01             	add    edx,0x1
  4017ce:	01 c8                	add    eax,ecx
  4017d0:	c4 e3 7b f0 f6 1f    	rorx   esi,esi,0x1f
  4017d6:	81 fa 00 ca 9a 3b    	cmp    edx,0x3b9aca00
  4017dc:	75 d2                	jne    4017b0 <bench_v_div_stoke_64+0x10>
  4017de:	c3                   	ret    
  4017df:	90                   	nop

00000000004017e0 <bench_c_stoke_mul_32>:
  4017e0:	89 f8                	mov    eax,edi
  4017e2:	ba 01 00 00 00       	mov    edx,0x1
  4017e7:	be f8 ff ff ff       	mov    esi,0xfffffff8
  4017ec:	eb 05                	jmp    4017f3 <bench_c_stoke_mul_32+0x13>
  4017ee:	66 90                	xchg   ax,ax
  4017f0:	83 c2 01             	add    edx,0x1
  4017f3:	83 fa 01             	cmp    edx,0x1
  4017f6:	74 f8                	je     4017f0 <bench_c_stoke_mul_32+0x10>
  4017f8:	8d 4a fe             	lea    ecx,[rdx-0x2]
  4017fb:	c4 e2 72 f5 ce       	pext   ecx,ecx,esi
  401800:	8d 44 08 01          	lea    eax,[rax+rcx*1+0x1]
  401804:	81 fa 00 ca 9a 3b    	cmp    edx,0x3b9aca00
  40180a:	75 e4                	jne    4017f0 <bench_c_stoke_mul_32+0x10>
  40180c:	c3                   	ret    
  40180d:	0f 1f 00             	nop    DWORD PTR [rax]

0000000000401810 <bench_i_stoke_mul_32>:
  401810:	89 f8                	mov    eax,edi
  401812:	f7 de                	neg    esi
  401814:	ba 01 00 00 00       	mov    edx,0x1
  401819:	eb 08                	jmp    401823 <bench_i_stoke_mul_32+0x13>
  40181b:	0f 1f 44 00 00       	nop    DWORD PTR [rax+rax*1+0x0]
  401820:	83 c2 01             	add    edx,0x1
  401823:	83 fa 01             	cmp    edx,0x1
  401826:	74 f8                	je     401820 <bench_i_stoke_mul_32+0x10>
  401828:	8d 4a fe             	lea    ecx,[rdx-0x2]
  40182b:	c4 e2 72 f5 ce       	pext   ecx,ecx,esi
  401830:	8d 44 08 01          	lea    eax,[rax+rcx*1+0x1]
  401834:	81 fa 00 ca 9a 3b    	cmp    edx,0x3b9aca00
  40183a:	75 e4                	jne    401820 <bench_i_stoke_mul_32+0x10>
  40183c:	c3                   	ret    
  40183d:	0f 1f 00             	nop    DWORD PTR [rax]

0000000000401840 <bench_v_stoke_mul_32>:
  401840:	89 f8                	mov    eax,edi
  401842:	ba 01 00 00 00       	mov    edx,0x1
  401847:	eb 0a                	jmp    401853 <bench_v_stoke_mul_32+0x13>
  401849:	0f 1f 80 00 00 00 00 	nop    DWORD PTR [rax+0x0]
  401850:	83 c2 01             	add    edx,0x1
  401853:	89 f7                	mov    edi,esi
  401855:	f7 df                	neg    edi
  401857:	83 fa 01             	cmp    edx,0x1
  40185a:	74 1b                	je     401877 <bench_v_stoke_mul_32+0x37>
  40185c:	8d 4a fe             	lea    ecx,[rdx-0x2]
  40185f:	c4 e3 7b f0 f6 1f    	rorx   esi,esi,0x1f
  401865:	c4 e2 72 f5 cf       	pext   ecx,ecx,edi
  40186a:	8d 44 08 01          	lea    eax,[rax+rcx*1+0x1]
  40186e:	81 fa 00 ca 9a 3b    	cmp    edx,0x3b9aca00
  401874:	75 da                	jne    401850 <bench_v_stoke_mul_32+0x10>
  401876:	c3                   	ret    
  401877:	c4 e3 7b f0 f6 1f    	rorx   esi,esi,0x1f
  40187d:	eb d1                	jmp    401850 <bench_v_stoke_mul_32+0x10>
  40187f:	90                   	nop

0000000000401880 <bench_c_stoke_mul_64>:
  401880:	89 f8                	mov    eax,edi
  401882:	b9 01 00 00 00       	mov    ecx,0x1
  401887:	31 d2                	xor    edx,edx
  401889:	bf f8 07 00 00       	mov    edi,0x7f8
  40188e:	eb 07                	jmp    401897 <bench_c_stoke_mul_64+0x17>
  401890:	48 83 c2 01          	add    rdx,0x1
  401894:	83 c1 01             	add    ecx,0x1
  401897:	48 85 d2             	test   rdx,rdx
  40189a:	74 f4                	je     401890 <bench_c_stoke_mul_64+0x10>
  40189c:	c4 e2 ea f5 f7       	pext   rsi,rdx,rdi
  4018a1:	8d 44 30 01          	lea    eax,[rax+rsi*1+0x1]
  4018a5:	81 f9 00 ca 9a 3b    	cmp    ecx,0x3b9aca00
  4018ab:	75 e3                	jne    401890 <bench_c_stoke_mul_64+0x10>
  4018ad:	c3                   	ret    
  4018ae:	66 90                	xchg   ax,ax

00000000004018b0 <bench_i_stoke_mul_64>:
  4018b0:	89 f2                	mov    edx,esi
  4018b2:	89 f8                	mov    eax,edi
  4018b4:	b9 01 00 00 00       	mov    ecx,0x1
  4018b9:	48 89 d7             	mov    rdi,rdx
  4018bc:	48 c1 e7 08          	shl    rdi,0x8
  4018c0:	48 29 d7             	sub    rdi,rdx
  4018c3:	31 d2                	xor    edx,edx
  4018c5:	eb 10                	jmp    4018d7 <bench_i_stoke_mul_64+0x27>
  4018c7:	66 0f 1f 84 00 00 00 	nop    WORD PTR [rax+rax*1+0x0]
  4018ce:	00 00 
  4018d0:	48 83 c2 01          	add    rdx,0x1
  4018d4:	83 c1 01             	add    ecx,0x1
  4018d7:	48 85 d2             	test   rdx,rdx
  4018da:	74 f4                	je     4018d0 <bench_i_stoke_mul_64+0x20>
  4018dc:	c4 e2 ea f5 f7       	pext   rsi,rdx,rdi
  4018e1:	8d 44 30 01          	lea    eax,[rax+rsi*1+0x1]
  4018e5:	81 f9 00 ca 9a 3b    	cmp    ecx,0x3b9aca00
  4018eb:	75 e3                	jne    4018d0 <bench_i_stoke_mul_64+0x20>
  4018ed:	c3                   	ret    
  4018ee:	66 90                	xchg   ax,ax

00000000004018f0 <bench_v_stoke_mul_64>:
  4018f0:	89 f8                	mov    eax,edi
  4018f2:	41 b9 01 00 00 00    	mov    r9d,0x1
  4018f8:	31 c9                	xor    ecx,ecx
  4018fa:	eb 0c                	jmp    401908 <bench_v_stoke_mul_64+0x18>
  4018fc:	0f 1f 40 00          	nop    DWORD PTR [rax+0x0]
  401900:	48 83 c1 01          	add    rcx,0x1
  401904:	41 83 c1 01          	add    r9d,0x1
  401908:	41 89 f0             	mov    r8d,esi
  40190b:	4c 89 c2             	mov    rdx,r8
  40190e:	48 c1 e2 08          	shl    rdx,0x8
  401912:	4c 29 c2             	sub    rdx,r8
  401915:	48 85 c9             	test   rcx,rcx
  401918:	74 19                	je     401933 <bench_v_stoke_mul_64+0x43>
  40191a:	c4 e2 f2 f5 d2       	pext   rdx,rcx,rdx
  40191f:	c4 e3 7b f0 f6 1f    	rorx   esi,esi,0x1f
  401925:	8d 44 10 01          	lea    eax,[rax+rdx*1+0x1]
  401929:	41 81 f9 00 ca 9a 3b 	cmp    r9d,0x3b9aca00
  401930:	75 ce                	jne    401900 <bench_v_stoke_mul_64+0x10>
  401932:	c3                   	ret    
  401933:	c4 e3 7b f0 f6 1f    	rorx   esi,esi,0x1f
  401939:	eb c5                	jmp    401900 <bench_v_stoke_mul_64+0x10>
  40193b:	0f 1f 44 00 00       	nop    DWORD PTR [rax+rax*1+0x0]

0000000000401940 <bench_i_divide_chux_64>:
  401940:	c5 fd 6f 1d 78 0f 00 	vmovdqa ymm3,YMMWORD PTR [rip+0xf78]        # 4028c0 <algo_names+0x60>
  401947:	00 
  401948:	89 f0                	mov    eax,esi
  40194a:	c5 c9 ef f6          	vpxor  xmm6,xmm6,xmm6
  40194e:	c5 7d 6f 05 8a 0f 00 	vmovdqa ymm8,YMMWORD PTR [rip+0xf8a]        # 4028e0 <algo_names+0x80>
  401955:	00 
  401956:	48 8d 50 ff          	lea    rdx,[rax-0x1]
  40195a:	48 0f bd c0          	bsr    rax,rax
  40195e:	c5 fd 6f 3d 1a 10 00 	vmovdqa ymm7,YMMWORD PTR [rip+0x101a]        # 402980 <algo_names+0x120>
  401965:	00 
  401966:	c4 e1 f9 6e e2       	vmovq  xmm4,rdx
  40196b:	c5 79 6e d0          	vmovd  xmm10,eax
  40196f:	31 c0                	xor    eax,eax
  401971:	c4 e2 7d 59 ec       	vpbroadcastq ymm5,xmm4
  401976:	c5 d9 ef e4          	vpxor  xmm4,xmm4,xmm4
  40197a:	66 0f 1f 44 00 00    	nop    WORD PTR [rax+rax*1+0x0]
  401980:	c4 e2 7d 35 c3       	vpmovzxdq ymm0,xmm3
  401985:	c4 c3 7d 39 d9 01    	vextracti128 xmm9,ymm3,0x1
  40198b:	c4 42 7d 35 c9       	vpmovzxdq ymm9,xmm9
  401990:	83 c0 01             	add    eax,0x1
  401993:	c5 d5 db c8          	vpand  ymm1,ymm5,ymm0
  401997:	c4 e2 75 29 ce       	vpcmpeqq ymm1,ymm1,ymm6
  40199c:	c4 c1 65 fe d8       	vpaddd ymm3,ymm3,ymm8
  4019a1:	c4 c1 7d d3 c2       	vpsrlq ymm0,ymm0,xmm10
  4019a6:	c5 f5 df cf          	vpandn ymm1,ymm1,ymm7
  4019aa:	c5 f5 d4 c0          	vpaddq ymm0,ymm1,ymm0
  4019ae:	c4 c1 55 db c9       	vpand  ymm1,ymm5,ymm9
  4019b3:	c4 e2 75 29 ce       	vpcmpeqq ymm1,ymm1,ymm6
  4019b8:	c5 f5 df d7          	vpandn ymm2,ymm1,ymm7
  4019bc:	c4 c1 35 d3 ca       	vpsrlq ymm1,ymm9,xmm10
  4019c1:	c5 ed d4 c9          	vpaddq ymm1,ymm2,ymm1
  4019c5:	c4 e3 7d 46 d1 20    	vperm2i128 ymm2,ymm0,ymm1,0x20
  4019cb:	c4 e3 7d 46 c1 31    	vperm2i128 ymm0,ymm0,ymm1,0x31
  4019d1:	c5 fd 70 ca d8       	vpshufd ymm1,ymm2,0xd8
  4019d6:	c5 fd 70 c0 d8       	vpshufd ymm0,ymm0,0xd8
  4019db:	c5 f5 6c c0          	vpunpcklqdq ymm0,ymm1,ymm0
  4019df:	c5 dd fe e0          	vpaddd ymm4,ymm4,ymm0
  4019e3:	3d 40 59 73 07       	cmp    eax,0x7735940
  4019e8:	75 96                	jne    401980 <bench_i_divide_chux_64+0x40>
  4019ea:	c5 f1 ef c9          	vpxor  xmm1,xmm1,xmm1
  4019ee:	c4 e3 5d 46 c1 21    	vperm2i128 ymm0,ymm4,ymm1,0x21
  4019f4:	c5 dd fe e0          	vpaddd ymm4,ymm4,ymm0
  4019f8:	c4 e3 5d 46 c1 21    	vperm2i128 ymm0,ymm4,ymm1,0x21
  4019fe:	c4 e3 7d 0f c4 08    	vpalignr ymm0,ymm0,ymm4,0x8
  401a04:	c5 dd fe c0          	vpaddd ymm0,ymm4,ymm0
  401a08:	c4 e3 7d 46 c9 21    	vperm2i128 ymm1,ymm0,ymm1,0x21
  401a0e:	c4 e3 75 0f c8 04    	vpalignr ymm1,ymm1,ymm0,0x4
  401a14:	c5 fd fe c1          	vpaddd ymm0,ymm0,ymm1
  401a18:	c5 f9 7e c0          	vmovd  eax,xmm0
  401a1c:	01 f8                	add    eax,edi
  401a1e:	c5 f8 77             	vzeroupper 
  401a21:	c3                   	ret    
  401a22:	0f 1f 40 00          	nop    DWORD PTR [rax+0x0]
  401a26:	66 2e 0f 1f 84 00 00 	nop    WORD PTR cs:[rax+rax*1+0x0]
  401a2d:	00 00 00 

0000000000401a30 <bench_i_divide_user23_64>:
  401a30:	c5 fd 6f 2d 88 0e 00 	vmovdqa ymm5,YMMWORD PTR [rip+0xe88]        # 4028c0 <algo_names+0x60>
  401a37:	00 
  401a38:	89 f0                	mov    eax,esi
  401a3a:	c5 c9 ef f6          	vpxor  xmm6,xmm6,xmm6
  401a3e:	48 8d 50 ff          	lea    rdx,[rax-0x1]
  401a42:	48 0f bd c0          	bsr    rax,rax
  401a46:	c4 e1 f9 6e fa       	vmovq  xmm7,rdx
  401a4b:	c5 79 6e c0          	vmovd  xmm8,eax
  401a4f:	31 c0                	xor    eax,eax
  401a51:	c4 e2 7d 59 e7       	vpbroadcastq ymm4,xmm7
  401a56:	c5 fd 6f 3d 82 0e 00 	vmovdqa ymm7,YMMWORD PTR [rip+0xe82]        # 4028e0 <algo_names+0x80>
  401a5d:	00 
  401a5e:	66 90                	xchg   ax,ax
  401a60:	c4 e2 7d 35 c5       	vpmovzxdq ymm0,xmm5
  401a65:	c4 e3 7d 39 eb 01    	vextracti128 xmm3,ymm5,0x1
  401a6b:	c4 e2 7d 35 db       	vpmovzxdq ymm3,xmm3
  401a70:	83 c0 01             	add    eax,0x1
  401a73:	c5 dd db c8          	vpand  ymm1,ymm4,ymm0
  401a77:	c5 f5 d4 cc          	vpaddq ymm1,ymm1,ymm4
  401a7b:	c4 c1 7d d3 c0       	vpsrlq ymm0,ymm0,xmm8
  401a80:	c5 d5 fe ef          	vpaddd ymm5,ymm5,ymm7
  401a84:	c4 c1 75 d3 c8       	vpsrlq ymm1,ymm1,xmm8
  401a89:	c5 f5 d4 c0          	vpaddq ymm0,ymm1,ymm0
  401a8d:	c5 dd db cb          	vpand  ymm1,ymm4,ymm3
  401a91:	c5 f5 d4 cc          	vpaddq ymm1,ymm1,ymm4
  401a95:	c4 c1 75 d3 d0       	vpsrlq ymm2,ymm1,xmm8
  401a9a:	c4 c1 65 d3 c8       	vpsrlq ymm1,ymm3,xmm8
  401a9f:	c5 ed d4 c9          	vpaddq ymm1,ymm2,ymm1
  401aa3:	c4 e3 7d 46 d1 20    	vperm2i128 ymm2,ymm0,ymm1,0x20
  401aa9:	c4 e3 7d 46 c1 31    	vperm2i128 ymm0,ymm0,ymm1,0x31
  401aaf:	c5 fd 70 ca d8       	vpshufd ymm1,ymm2,0xd8
  401ab4:	c5 fd 70 c0 d8       	vpshufd ymm0,ymm0,0xd8
  401ab9:	c5 f5 6c c0          	vpunpcklqdq ymm0,ymm1,ymm0
  401abd:	c5 cd fe f0          	vpaddd ymm6,ymm6,ymm0
  401ac1:	3d 40 59 73 07       	cmp    eax,0x7735940
  401ac6:	75 98                	jne    401a60 <bench_i_divide_user23_64+0x30>
  401ac8:	c5 f1 ef c9          	vpxor  xmm1,xmm1,xmm1
  401acc:	c4 e3 4d 46 c1 21    	vperm2i128 ymm0,ymm6,ymm1,0x21
  401ad2:	c5 fd fe f6          	vpaddd ymm6,ymm0,ymm6
  401ad6:	c4 e3 4d 46 c1 21    	vperm2i128 ymm0,ymm6,ymm1,0x21
  401adc:	c4 e3 7d 0f c6 08    	vpalignr ymm0,ymm0,ymm6,0x8
  401ae2:	c5 cd fe c0          	vpaddd ymm0,ymm6,ymm0
  401ae6:	c4 e3 7d 46 c9 21    	vperm2i128 ymm1,ymm0,ymm1,0x21
  401aec:	c4 e3 75 0f c8 04    	vpalignr ymm1,ymm1,ymm0,0x4
  401af2:	c5 fd fe c1          	vpaddd ymm0,ymm0,ymm1
  401af6:	c5 f9 7e c0          	vmovd  eax,xmm0
  401afa:	01 f8                	add    eax,edi
  401afc:	c5 f8 77             	vzeroupper 
  401aff:	c3                   	ret    

0000000000401b00 <bench_i_divide_user23_variant_64>:
  401b00:	c5 fd 6f 1d b8 0d 00 	vmovdqa ymm3,YMMWORD PTR [rip+0xdb8]        # 4028c0 <algo_names+0x60>
  401b07:	00 
  401b08:	89 f0                	mov    eax,esi
  401b0a:	c5 c9 ef f6          	vpxor  xmm6,xmm6,xmm6
  401b0e:	c5 7d 6f 05 ca 0d 00 	vmovdqa ymm8,YMMWORD PTR [rip+0xdca]        # 4028e0 <algo_names+0x80>
  401b15:	00 
  401b16:	48 8d 50 ff          	lea    rdx,[rax-0x1]
  401b1a:	48 0f bd c0          	bsr    rax,rax
  401b1e:	c5 fd 6f 3d 5a 0e 00 	vmovdqa ymm7,YMMWORD PTR [rip+0xe5a]        # 402980 <algo_names+0x120>
  401b25:	00 
  401b26:	c4 e1 f9 6e e2       	vmovq  xmm4,rdx
  401b2b:	c5 79 6e d0          	vmovd  xmm10,eax
  401b2f:	31 c0                	xor    eax,eax
  401b31:	c4 e2 7d 59 ec       	vpbroadcastq ymm5,xmm4
  401b36:	c5 d9 ef e4          	vpxor  xmm4,xmm4,xmm4
  401b3a:	66 0f 1f 44 00 00    	nop    WORD PTR [rax+rax*1+0x0]
  401b40:	c4 e2 7d 35 c3       	vpmovzxdq ymm0,xmm3
  401b45:	c4 c3 7d 39 d9 01    	vextracti128 xmm9,ymm3,0x1
  401b4b:	c4 42 7d 35 c9       	vpmovzxdq ymm9,xmm9
  401b50:	83 c0 01             	add    eax,0x1
  401b53:	c5 d5 db c8          	vpand  ymm1,ymm5,ymm0
  401b57:	c4 e2 75 29 ce       	vpcmpeqq ymm1,ymm1,ymm6
  401b5c:	c4 c1 65 fe d8       	vpaddd ymm3,ymm3,ymm8
  401b61:	c4 c1 7d d3 c2       	vpsrlq ymm0,ymm0,xmm10
  401b66:	c5 f5 df cf          	vpandn ymm1,ymm1,ymm7
  401b6a:	c5 f5 d4 c0          	vpaddq ymm0,ymm1,ymm0
  401b6e:	c4 c1 55 db c9       	vpand  ymm1,ymm5,ymm9
  401b73:	c4 e2 75 29 ce       	vpcmpeqq ymm1,ymm1,ymm6
  401b78:	c5 f5 df d7          	vpandn ymm2,ymm1,ymm7
  401b7c:	c4 c1 35 d3 ca       	vpsrlq ymm1,ymm9,xmm10
  401b81:	c5 ed d4 c9          	vpaddq ymm1,ymm2,ymm1
  401b85:	c4 e3 7d 46 d1 20    	vperm2i128 ymm2,ymm0,ymm1,0x20
  401b8b:	c4 e3 7d 46 c1 31    	vperm2i128 ymm0,ymm0,ymm1,0x31
  401b91:	c5 fd 70 ca d8       	vpshufd ymm1,ymm2,0xd8
  401b96:	c5 fd 70 c0 d8       	vpshufd ymm0,ymm0,0xd8
  401b9b:	c5 f5 6c c0          	vpunpcklqdq ymm0,ymm1,ymm0
  401b9f:	c5 dd fe e0          	vpaddd ymm4,ymm4,ymm0
  401ba3:	3d 40 59 73 07       	cmp    eax,0x7735940
  401ba8:	75 96                	jne    401b40 <bench_i_divide_user23_variant_64+0x40>
  401baa:	c5 f1 ef c9          	vpxor  xmm1,xmm1,xmm1
  401bae:	c4 e3 5d 46 c1 21    	vperm2i128 ymm0,ymm4,ymm1,0x21
  401bb4:	c5 dd fe e0          	vpaddd ymm4,ymm4,ymm0
  401bb8:	c4 e3 5d 46 c1 21    	vperm2i128 ymm0,ymm4,ymm1,0x21
  401bbe:	c4 e3 7d 0f c4 08    	vpalignr ymm0,ymm0,ymm4,0x8
  401bc4:	c5 dd fe c0          	vpaddd ymm0,ymm4,ymm0
  401bc8:	c4 e3 7d 46 c9 21    	vperm2i128 ymm1,ymm0,ymm1,0x21
  401bce:	c4 e3 75 0f c8 04    	vpalignr ymm1,ymm1,ymm0,0x4
  401bd4:	c5 fd fe c1          	vpaddd ymm0,ymm0,ymm1
  401bd8:	c5 f9 7e c0          	vmovd  eax,xmm0
  401bdc:	01 f8                	add    eax,edi
  401bde:	c5 f8 77             	vzeroupper 
  401be1:	c3                   	ret    
  401be2:	0f 1f 40 00          	nop    DWORD PTR [rax+0x0]
  401be6:	66 2e 0f 1f 84 00 00 	nop    WORD PTR cs:[rax+rax*1+0x0]
  401bed:	00 00 00 

0000000000401bf0 <bench_i_divide_chrisdodd_64>:
  401bf0:	89 f8                	mov    eax,edi
  401bf2:	89 f7                	mov    edi,esi
  401bf4:	31 c9                	xor    ecx,ecx
  401bf6:	48 0f bd ff          	bsr    rdi,rdi
  401bfa:	be 01 00 00 00       	mov    esi,0x1
  401bff:	eb 0e                	jmp    401c0f <bench_i_divide_chrisdodd_64+0x1f>
  401c01:	0f 1f 80 00 00 00 00 	nop    DWORD PTR [rax+0x0]
  401c08:	48 83 c1 01          	add    rcx,0x1
  401c0c:	83 c6 01             	add    esi,0x1
  401c0f:	48 85 c9             	test   rcx,rcx
  401c12:	74 f4                	je     401c08 <bench_i_divide_chrisdodd_64+0x18>
  401c14:	48 8d 51 ff          	lea    rdx,[rcx-0x1]
  401c18:	c4 e2 c3 f7 d2       	shrx   rdx,rdx,rdi
  401c1d:	8d 44 10 01          	lea    eax,[rax+rdx*1+0x1]
  401c21:	81 fe 00 ca 9a 3b    	cmp    esi,0x3b9aca00
  401c27:	75 df                	jne    401c08 <bench_i_divide_chrisdodd_64+0x18>
  401c29:	c3                   	ret    
  401c2a:	66 0f 1f 44 00 00    	nop    WORD PTR [rax+rax*1+0x0]

0000000000401c30 <bench_i_divide_plusq_64>:
  401c30:	c5 fd 6f 15 88 0c 00 	vmovdqa ymm2,YMMWORD PTR [rip+0xc88]        # 4028c0 <algo_names+0x60>
  401c37:	00 
  401c38:	89 f2                	mov    edx,esi
  401c3a:	c5 e1 ef db          	vpxor  xmm3,xmm3,xmm3
  401c3e:	48 0f bd c2          	bsr    rax,rdx
  401c42:	48 83 ea 01          	sub    rdx,0x1
  401c46:	c4 e1 f9 6e ea       	vmovq  xmm5,rdx
  401c4b:	c5 f9 6e f8          	vmovd  xmm7,eax
  401c4f:	31 c0                	xor    eax,eax
  401c51:	c4 e2 7d 59 e5       	vpbroadcastq ymm4,xmm5
  401c56:	c5 fd 6f 2d 82 0c 00 	vmovdqa ymm5,YMMWORD PTR [rip+0xc82]        # 4028e0 <algo_names+0x80>
  401c5d:	00 
  401c5e:	66 90                	xchg   ax,ax
  401c60:	c4 e2 7d 35 c2       	vpmovzxdq ymm0,xmm2
  401c65:	c4 e3 7d 39 d1 01    	vextracti128 xmm1,ymm2,0x1
  401c6b:	c4 e2 7d 35 c9       	vpmovzxdq ymm1,xmm1
  401c70:	83 c0 01             	add    eax,0x1
  401c73:	c5 fd d4 c4          	vpaddq ymm0,ymm0,ymm4
  401c77:	c5 f5 d4 cc          	vpaddq ymm1,ymm1,ymm4
  401c7b:	c5 f5 d3 cf          	vpsrlq ymm1,ymm1,xmm7
  401c7f:	c5 ed fe d5          	vpaddd ymm2,ymm2,ymm5
  401c83:	c5 fd d3 c7          	vpsrlq ymm0,ymm0,xmm7
  401c87:	c4 e3 7d 46 f1 20    	vperm2i128 ymm6,ymm0,ymm1,0x20
  401c8d:	c4 e3 7d 46 c1 31    	vperm2i128 ymm0,ymm0,ymm1,0x31
  401c93:	c5 fd 70 ce d8       	vpshufd ymm1,ymm6,0xd8
  401c98:	c5 fd 70 c0 d8       	vpshufd ymm0,ymm0,0xd8
  401c9d:	c5 f5 6c c0          	vpunpcklqdq ymm0,ymm1,ymm0
  401ca1:	c5 e5 fe d8          	vpaddd ymm3,ymm3,ymm0
  401ca5:	3d 40 59 73 07       	cmp    eax,0x7735940
  401caa:	75 b4                	jne    401c60 <bench_i_divide_plusq_64+0x30>
  401cac:	c5 f1 ef c9          	vpxor  xmm1,xmm1,xmm1
  401cb0:	c4 e3 65 46 c1 21    	vperm2i128 ymm0,ymm3,ymm1,0x21
  401cb6:	c5 e5 fe d8          	vpaddd ymm3,ymm3,ymm0
  401cba:	c4 e3 65 46 c1 21    	vperm2i128 ymm0,ymm3,ymm1,0x21
  401cc0:	c4 e3 7d 0f c3 08    	vpalignr ymm0,ymm0,ymm3,0x8
  401cc6:	c5 e5 fe c0          	vpaddd ymm0,ymm3,ymm0
  401cca:	c4 e3 7d 46 c9 21    	vperm2i128 ymm1,ymm0,ymm1,0x21
  401cd0:	c4 e3 75 0f c8 04    	vpalignr ymm1,ymm1,ymm0,0x4
  401cd6:	c5 fd fe c1          	vpaddd ymm0,ymm0,ymm1
  401cda:	c5 f9 7e c0          	vmovd  eax,xmm0
  401cde:	01 f8                	add    eax,edi
  401ce0:	c5 f8 77             	vzeroupper 
  401ce3:	c3                   	ret    
  401ce4:	66 90                	xchg   ax,ax
  401ce6:	66 2e 0f 1f 84 00 00 	nop    WORD PTR cs:[rax+rax*1+0x0]
  401ced:	00 00 00 

0000000000401cf0 <bench_v_divide_chux_64>:
  401cf0:	89 f8                	mov    eax,edi
  401cf2:	31 c9                	xor    ecx,ecx
  401cf4:	41 b9 3f 00 00 00    	mov    r9d,0x3f
  401cfa:	66 0f 1f 44 00 00    	nop    WORD PTR [rax+rax*1+0x0]
  401d00:	41 89 f0             	mov    r8d,esi
  401d03:	31 ff                	xor    edi,edi
  401d05:	c4 e3 7b f0 f6 1f    	rorx   esi,esi,0x1f
  401d0b:	49 8d 50 ff          	lea    rdx,[r8-0x1]
  401d0f:	48 85 ca             	test   rdx,rcx
  401d12:	4c 89 ca             	mov    rdx,r9
  401d15:	40 0f 95 c7          	setne  dil
  401d19:	f3 4d 0f bd c0       	lzcnt  r8,r8
  401d1e:	4c 29 c2             	sub    rdx,r8
  401d21:	c4 e2 eb f7 d1       	shrx   rdx,rcx,rdx
  401d26:	48 83 c1 01          	add    rcx,0x1
  401d2a:	48 01 fa             	add    rdx,rdi
  401d2d:	01 d0                	add    eax,edx
  401d2f:	48 81 f9 00 ca 9a 3b 	cmp    rcx,0x3b9aca00
  401d36:	75 c8                	jne    401d00 <bench_v_divide_chux_64+0x10>
  401d38:	c3                   	ret    
  401d39:	0f 1f 80 00 00 00 00 	nop    DWORD PTR [rax+0x0]

0000000000401d40 <bench_v_divide_user23_64>:
  401d40:	89 f8                	mov    eax,edi
  401d42:	45 31 c0             	xor    r8d,r8d
  401d45:	41 b9 3f 00 00 00    	mov    r9d,0x3f
  401d4b:	0f 1f 44 00 00       	nop    DWORD PTR [rax+rax*1+0x0]
  401d50:	89 f2                	mov    edx,esi
  401d52:	4c 89 cf             	mov    rdi,r9
  401d55:	c4 e3 7b f0 f6 1f    	rorx   esi,esi,0x1f
  401d5b:	48 8d 4a ff          	lea    rcx,[rdx-0x1]
  401d5f:	f3 48 0f bd d2       	lzcnt  rdx,rdx
  401d64:	48 29 d7             	sub    rdi,rdx
  401d67:	48 89 fa             	mov    rdx,rdi
  401d6a:	48 89 cf             	mov    rdi,rcx
  401d6d:	4c 21 c7             	and    rdi,r8
  401d70:	48 01 f9             	add    rcx,rdi
  401d73:	c4 e2 eb f7 c9       	shrx   rcx,rcx,rdx
  401d78:	c4 c2 eb f7 d0       	shrx   rdx,r8,rdx
  401d7d:	49 83 c0 01          	add    r8,0x1
  401d81:	48 01 ca             	add    rdx,rcx
  401d84:	01 d0                	add    eax,edx
  401d86:	49 81 f8 00 ca 9a 3b 	cmp    r8,0x3b9aca00
  401d8d:	75 c1                	jne    401d50 <bench_v_divide_user23_64+0x10>
  401d8f:	c3                   	ret    

0000000000401d90 <bench_v_divide_user23_variant_64>:
  401d90:	89 f8                	mov    eax,edi
  401d92:	31 c9                	xor    ecx,ecx
  401d94:	41 b9 3f 00 00 00    	mov    r9d,0x3f
  401d9a:	66 0f 1f 44 00 00    	nop    WORD PTR [rax+rax*1+0x0]
  401da0:	41 89 f0             	mov    r8d,esi
  401da3:	31 ff                	xor    edi,edi
  401da5:	c4 e3 7b f0 f6 1f    	rorx   esi,esi,0x1f
  401dab:	49 8d 50 ff          	lea    rdx,[r8-0x1]
  401daf:	48 85 ca             	test   rdx,rcx
  401db2:	4c 89 ca             	mov    rdx,r9
  401db5:	40 0f 95 c7          	setne  dil
  401db9:	f3 4d 0f bd c0       	lzcnt  r8,r8
  401dbe:	4c 29 c2             	sub    rdx,r8
  401dc1:	c4 e2 eb f7 d1       	shrx   rdx,rcx,rdx
  401dc6:	48 83 c1 01          	add    rcx,0x1
  401dca:	48 01 fa             	add    rdx,rdi
  401dcd:	01 d0                	add    eax,edx
  401dcf:	48 81 f9 00 ca 9a 3b 	cmp    rcx,0x3b9aca00
  401dd6:	75 c8                	jne    401da0 <bench_v_divide_user23_variant_64+0x10>
  401dd8:	c3                   	ret    
  401dd9:	0f 1f 80 00 00 00 00 	nop    DWORD PTR [rax+0x0]

0000000000401de0 <bench_v_divide_chrisdodd_64>:
  401de0:	89 f8                	mov    eax,edi
  401de2:	41 b8 01 00 00 00    	mov    r8d,0x1
  401de8:	31 c9                	xor    ecx,ecx
  401dea:	41 b9 3f 00 00 00    	mov    r9d,0x3f
  401df0:	eb 0e                	jmp    401e00 <bench_v_divide_chrisdodd_64+0x20>
  401df2:	66 0f 1f 44 00 00    	nop    WORD PTR [rax+rax*1+0x0]
  401df8:	48 83 c1 01          	add    rcx,0x1
  401dfc:	41 83 c0 01          	add    r8d,0x1
  401e00:	89 f2                	mov    edx,esi
  401e02:	4c 89 cf             	mov    rdi,r9
  401e05:	f3 48 0f bd d2       	lzcnt  rdx,rdx
  401e0a:	48 29 d7             	sub    rdi,rdx
  401e0d:	48 85 c9             	test   rcx,rcx
  401e10:	74 1d                	je     401e2f <bench_v_divide_chrisdodd_64+0x4f>
  401e12:	48 8d 51 ff          	lea    rdx,[rcx-0x1]
  401e16:	c4 e3 7b f0 f6 1f    	rorx   esi,esi,0x1f
  401e1c:	c4 e2 c3 f7 d2       	shrx   rdx,rdx,rdi
  401e21:	8d 44 10 01          	lea    eax,[rax+rdx*1+0x1]
  401e25:	41 81 f8 00 ca 9a 3b 	cmp    r8d,0x3b9aca00
  401e2c:	75 ca                	jne    401df8 <bench_v_divide_chrisdodd_64+0x18>
  401e2e:	c3                   	ret    
  401e2f:	c4 e3 7b f0 f6 1f    	rorx   esi,esi,0x1f
  401e35:	eb c1                	jmp    401df8 <bench_v_divide_chrisdodd_64+0x18>
  401e37:	66 0f 1f 84 00 00 00 	nop    WORD PTR [rax+rax*1+0x0]
  401e3e:	00 00 

0000000000401e40 <bench_v_divide_plusq_64>:
  401e40:	89 f8                	mov    eax,edi
  401e42:	31 c9                	xor    ecx,ecx
  401e44:	bf 3f 00 00 00       	mov    edi,0x3f
  401e49:	0f 1f 80 00 00 00 00 	nop    DWORD PTR [rax+0x0]
  401e50:	89 f2                	mov    edx,esi
  401e52:	49 89 f9             	mov    r9,rdi
  401e55:	c4 e3 7b f0 f6 1f    	rorx   esi,esi,0x1f
  401e5b:	4c 8d 44 0a ff       	lea    r8,[rdx+rcx*1-0x1]
  401e60:	f3 48 0f bd d2       	lzcnt  rdx,rdx
  401e65:	48 83 c1 01          	add    rcx,0x1
  401e69:	49 29 d1             	sub    r9,rdx
  401e6c:	c4 c2 b3 f7 d0       	shrx   rdx,r8,r9
  401e71:	01 d0                	add    eax,edx
  401e73:	48 81 f9 00 ca 9a 3b 	cmp    rcx,0x3b9aca00
  401e7a:	75 d4                	jne    401e50 <bench_v_divide_plusq_64+0x10>
  401e7c:	c3                   	ret    
  401e7d:	0f 1f 00             	nop    DWORD PTR [rax]

0000000000401e80 <bench_c_divide_chris_32>:
  401e80:	89 f8                	mov    eax,edi
  401e82:	31 d2                	xor    edx,edx
  401e84:	31 c9                	xor    ecx,ecx
  401e86:	bf ff ff ff ff       	mov    edi,0xffffffff
  401e8b:	eb 0c                	jmp    401e99 <bench_c_divide_chris_32+0x19>
  401e8d:	0f 1f 00             	nop    DWORD PTR [rax]
  401e90:	0f bc d1             	bsf    edx,ecx
  401e93:	0f 44 d7             	cmove  edx,edi
  401e96:	83 c2 01             	add    edx,0x1
  401e99:	83 fa 03             	cmp    edx,0x3
  401e9c:	40 0f 9e c6          	setle  sil
  401ea0:	85 d2                	test   edx,edx
  401ea2:	0f 95 c2             	setne  dl
  401ea5:	0f b6 d2             	movzx  edx,dl
  401ea8:	21 f2                	and    edx,esi
  401eaa:	89 ce                	mov    esi,ecx
  401eac:	83 c1 01             	add    ecx,0x1
  401eaf:	c1 ee 03             	shr    esi,0x3
  401eb2:	01 f2                	add    edx,esi
  401eb4:	01 d0                	add    eax,edx
  401eb6:	81 f9 00 ca 9a 3b    	cmp    ecx,0x3b9aca00
  401ebc:	75 d2                	jne    401e90 <bench_c_divide_chris_32+0x10>
  401ebe:	c3                   	ret    
  401ebf:	90                   	nop

0000000000401ec0 <bench_i_divide_chris_32>:
  401ec0:	45 31 c0             	xor    r8d,r8d
  401ec3:	89 f8                	mov    eax,edi
  401ec5:	31 d2                	xor    edx,edx
  401ec7:	f3 44 0f bc c6       	tzcnt  r8d,esi
  401ecc:	31 c9                	xor    ecx,ecx
  401ece:	bf ff ff ff ff       	mov    edi,0xffffffff
  401ed3:	eb 0c                	jmp    401ee1 <bench_i_divide_chris_32+0x21>
  401ed5:	0f 1f 00             	nop    DWORD PTR [rax]
  401ed8:	0f bc d1             	bsf    edx,ecx
  401edb:	0f 44 d7             	cmove  edx,edi
  401ede:	83 c2 01             	add    edx,0x1
  401ee1:	44 39 c2             	cmp    edx,r8d
  401ee4:	40 0f 9e c6          	setle  sil
  401ee8:	85 d2                	test   edx,edx
  401eea:	0f 95 c2             	setne  dl
  401eed:	0f b6 d2             	movzx  edx,dl
  401ef0:	21 f2                	and    edx,esi
  401ef2:	c4 e2 3b f7 f1       	shrx   esi,ecx,r8d
  401ef7:	83 c1 01             	add    ecx,0x1
  401efa:	01 f2                	add    edx,esi
  401efc:	01 d0                	add    eax,edx
  401efe:	81 f9 00 ca 9a 3b    	cmp    ecx,0x3b9aca00
  401f04:	75 d2                	jne    401ed8 <bench_i_divide_chris_32+0x18>
  401f06:	c3                   	ret    
  401f07:	66 0f 1f 84 00 00 00 	nop    WORD PTR [rax+rax*1+0x0]
  401f0e:	00 00 

0000000000401f10 <bench_v_divide_chris_32>:
  401f10:	89 f8                	mov    eax,edi
  401f12:	31 c9                	xor    ecx,ecx
  401f14:	45 31 c0             	xor    r8d,r8d
  401f17:	bf ff ff ff ff       	mov    edi,0xffffffff
  401f1c:	eb 0c                	jmp    401f2a <bench_v_divide_chris_32+0x1a>
  401f1e:	66 90                	xchg   ax,ax
  401f20:	41 0f bc c8          	bsf    ecx,r8d
  401f24:	0f 44 cf             	cmove  ecx,edi
  401f27:	83 c1 01             	add    ecx,0x1
  401f2a:	31 d2                	xor    edx,edx
  401f2c:	f3 0f bc d6          	tzcnt  edx,esi
  401f30:	c4 e3 7b f0 f6 1f    	rorx   esi,esi,0x1f
  401f36:	39 ca                	cmp    edx,ecx
  401f38:	c4 c2 6b f7 d0       	shrx   edx,r8d,edx
  401f3d:	41 0f 9d c1          	setge  r9b
  401f41:	85 c9                	test   ecx,ecx
  401f43:	0f 95 c1             	setne  cl
  401f46:	41 83 c0 01          	add    r8d,0x1
  401f4a:	0f b6 c9             	movzx  ecx,cl
  401f4d:	44 21 c9             	and    ecx,r9d
  401f50:	01 ca                	add    edx,ecx
  401f52:	01 d0                	add    eax,edx
  401f54:	41 81 f8 00 ca 9a 3b 	cmp    r8d,0x3b9aca00
  401f5b:	75 c3                	jne    401f20 <bench_v_divide_chris_32+0x10>
  401f5d:	c3                   	ret    
  401f5e:	66 90                	xchg   ax,ax

0000000000401f60 <bench_c_divide_chris_64>:
  401f60:	89 f8                	mov    eax,edi
  401f62:	31 d2                	xor    edx,edx
  401f64:	31 f6                	xor    esi,esi
  401f66:	48 c7 c7 ff ff ff ff 	mov    rdi,0xffffffffffffffff
  401f6d:	eb 0c                	jmp    401f7b <bench_c_divide_chris_64+0x1b>
  401f6f:	90                   	nop
  401f70:	48 0f bc ca          	bsf    rcx,rdx
  401f74:	48 0f 44 cf          	cmove  rcx,rdi
  401f78:	8d 71 01             	lea    esi,[rcx+0x1]
  401f7b:	83 fe 03             	cmp    esi,0x3
  401f7e:	0f 9e c1             	setle  cl
  401f81:	85 f6                	test   esi,esi
  401f83:	40 0f 95 c6          	setne  sil
  401f87:	40 0f b6 f6          	movzx  esi,sil
  401f8b:	48 21 f1             	and    rcx,rsi
  401f8e:	48 89 d6             	mov    rsi,rdx
  401f91:	48 83 c2 01          	add    rdx,0x1
  401f95:	48 c1 ee 03          	shr    rsi,0x3
  401f99:	48 01 f1             	add    rcx,rsi
  401f9c:	01 c8                	add    eax,ecx
  401f9e:	48 81 fa 00 ca 9a 3b 	cmp    rdx,0x3b9aca00
  401fa5:	75 c9                	jne    401f70 <bench_c_divide_chris_64+0x10>
  401fa7:	c3                   	ret    
  401fa8:	0f 1f 84 00 00 00 00 	nop    DWORD PTR [rax+rax*1+0x0]
  401faf:	00 

0000000000401fb0 <bench_i_divide_chris_64>:
  401fb0:	41 89 f0             	mov    r8d,esi
  401fb3:	89 f8                	mov    eax,edi
  401fb5:	31 d2                	xor    edx,edx
  401fb7:	f3 4d 0f bc c0       	tzcnt  r8,r8
  401fbc:	31 f6                	xor    esi,esi
  401fbe:	48 c7 c7 ff ff ff ff 	mov    rdi,0xffffffffffffffff
  401fc5:	eb 14                	jmp    401fdb <bench_i_divide_chris_64+0x2b>
  401fc7:	66 0f 1f 84 00 00 00 	nop    WORD PTR [rax+rax*1+0x0]
  401fce:	00 00 
  401fd0:	48 0f bc ca          	bsf    rcx,rdx
  401fd4:	48 0f 44 cf          	cmove  rcx,rdi
  401fd8:	8d 71 01             	lea    esi,[rcx+0x1]
  401fdb:	44 39 c6             	cmp    esi,r8d
  401fde:	0f 9e c1             	setle  cl
  401fe1:	85 f6                	test   esi,esi
  401fe3:	40 0f 95 c6          	setne  sil
  401fe7:	40 0f b6 f6          	movzx  esi,sil
  401feb:	48 21 f1             	and    rcx,rsi
  401fee:	c4 e2 bb f7 f2       	shrx   rsi,rdx,r8
  401ff3:	48 83 c2 01          	add    rdx,0x1
  401ff7:	48 01 f1             	add    rcx,rsi
  401ffa:	01 c8                	add    eax,ecx
  401ffc:	48 81 fa 00 ca 9a 3b 	cmp    rdx,0x3b9aca00
  402003:	75 cb                	jne    401fd0 <bench_i_divide_chris_64+0x20>
  402005:	c3                   	ret    
  402006:	66 2e 0f 1f 84 00 00 	nop    WORD PTR cs:[rax+rax*1+0x0]
  40200d:	00 00 00 

0000000000402010 <bench_v_divide_chris_64>:
  402010:	89 f8                	mov    eax,edi
  402012:	31 c9                	xor    ecx,ecx
  402014:	45 31 c9             	xor    r9d,r9d
  402017:	49 c7 c2 ff ff ff ff 	mov    r10,0xffffffffffffffff
  40201e:	eb 0c                	jmp    40202c <bench_v_divide_chris_64+0x1c>
  402020:	48 0f bc d1          	bsf    rdx,rcx
  402024:	49 0f 44 d2          	cmove  rdx,r10
  402028:	44 8d 4a 01          	lea    r9d,[rdx+0x1]
  40202c:	89 f2                	mov    edx,esi
  40202e:	c4 e3 7b f0 f6 1f    	rorx   esi,esi,0x1f
  402034:	f3 48 0f bc d2       	tzcnt  rdx,rdx
  402039:	44 39 ca             	cmp    edx,r9d
  40203c:	c4 e2 eb f7 d1       	shrx   rdx,rcx,rdx
  402041:	41 0f 9d c0          	setge  r8b
  402045:	31 ff                	xor    edi,edi
  402047:	45 85 c9             	test   r9d,r9d
  40204a:	40 0f 95 c7          	setne  dil
  40204e:	48 83 c1 01          	add    rcx,0x1
  402052:	49 21 f8             	and    r8,rdi
  402055:	4c 01 c2             	add    rdx,r8
  402058:	01 d0                	add    eax,edx
  40205a:	48 81 f9 00 ca 9a 3b 	cmp    rcx,0x3b9aca00
  402061:	75 bd                	jne    402020 <bench_v_divide_chris_64+0x10>
  402063:	c3                   	ret    
  402064:	66 90                	xchg   ax,ax
  402066:	66 2e 0f 1f 84 00 00 	nop    WORD PTR cs:[rax+rax*1+0x0]
  40206d:	00 00 00 

0000000000402210 <bench_i_divide_dummy_32>:
  402210:	c5 f9 6e de          	vmovd  xmm3,esi
  402214:	31 c0                	xor    eax,eax
  402216:	c5 f9 ef c0          	vpxor  xmm0,xmm0,xmm0
  40221a:	c5 fd 6f 0d 9e 06 00 	vmovdqa ymm1,YMMWORD PTR [rip+0x69e]        # 4028c0 <algo_names+0x60>
  402221:	00 
  402222:	c5 fd 6f 25 b6 06 00 	vmovdqa ymm4,YMMWORD PTR [rip+0x6b6]        # 4028e0 <algo_names+0x80>
  402229:	00 
  40222a:	c4 e2 7d 58 db       	vpbroadcastd ymm3,xmm3
  40222f:	90                   	nop
  402230:	c5 f5 fe d3          	vpaddd ymm2,ymm1,ymm3
  402234:	83 c0 01             	add    eax,0x1
  402237:	c5 f5 fe cc          	vpaddd ymm1,ymm1,ymm4
  40223b:	c5 fd fe c2          	vpaddd ymm0,ymm0,ymm2
  40223f:	3d 40 59 73 07       	cmp    eax,0x7735940
  402244:	75 ea                	jne    402230 <bench_i_divide_dummy_32+0x20>
  402246:	c5 f1 ef c9          	vpxor  xmm1,xmm1,xmm1
  40224a:	c4 e3 7d 46 d1 21    	vperm2i128 ymm2,ymm0,ymm1,0x21
  402250:	c5 fd fe c2          	vpaddd ymm0,ymm0,ymm2
  402254:	c4 e3 7d 46 d1 21    	vperm2i128 ymm2,ymm0,ymm1,0x21
  40225a:	c4 e3 6d 0f d0 08    	vpalignr ymm2,ymm2,ymm0,0x8
  402260:	c5 fd fe c2          	vpaddd ymm0,ymm0,ymm2
  402264:	c4 e3 7d 46 c9 21    	vperm2i128 ymm1,ymm0,ymm1,0x21
  40226a:	c4 e3 75 0f c8 04    	vpalignr ymm1,ymm1,ymm0,0x4
  402270:	c5 fd fe c1          	vpaddd ymm0,ymm0,ymm1
  402274:	c5 f9 7e c0          	vmovd  eax,xmm0
  402278:	01 f8                	add    eax,edi
  40227a:	c5 f8 77             	vzeroupper 
  40227d:	c3                   	ret    
  40227e:	66 90                	xchg   ax,ax

0000000000402280 <bench_v_divide_dummy_32>:
  402280:	89 f8                	mov    eax,edi
  402282:	31 d2                	xor    edx,edx
  402284:	0f 1f 40 00          	nop    DWORD PTR [rax+0x0]
  402288:	8d 0c 16             	lea    ecx,[rsi+rdx*1]
  40228b:	83 c2 01             	add    edx,0x1
  40228e:	c4 e3 7b f0 f6 1f    	rorx   esi,esi,0x1f
  402294:	01 c8                	add    eax,ecx
  402296:	81 fa 00 ca 9a 3b    	cmp    edx,0x3b9aca00
  40229c:	75 ea                	jne    402288 <bench_v_divide_dummy_32+0x8>
  40229e:	c3                   	ret    
  40229f:	90                   	nop

00000000004022a0 <bench_c_div_stoke_32>:
  4022a0:	89 f8                	mov    eax,edi
  4022a2:	31 d2                	xor    edx,edx
  4022a4:	31 c9                	xor    ecx,ecx
  4022a6:	eb 17                	jmp    4022bf <bench_c_div_stoke_32+0x1f>
  4022a8:	0f 1f 84 00 00 00 00 	nop    DWORD PTR [rax+rax*1+0x0]
  4022af:	00 
  4022b0:	89 d6                	mov    esi,edx
  4022b2:	31 c9                	xor    ecx,ecx
  4022b4:	c1 ee 03             	shr    esi,0x3
  4022b7:	f6 c2 07             	test   dl,0x7
  4022ba:	0f 95 c1             	setne  cl
  4022bd:	01 f1                	add    ecx,esi
  4022bf:	83 c2 01             	add    edx,0x1
  4022c2:	01 c8                	add    eax,ecx
  4022c4:	81 fa 00 ca 9a 3b    	cmp    edx,0x3b9aca00
  4022ca:	75 e4                	jne    4022b0 <bench_c_div_stoke_32+0x10>
  4022cc:	c3                   	ret    
  4022cd:	0f 1f 00             	nop    DWORD PTR [rax]

00000000004022d0 <bench_i_div_stoke_32>:
  4022d0:	89 f8                	mov    eax,edi
  4022d2:	31 ff                	xor    edi,edi
  4022d4:	31 d2                	xor    edx,edx
  4022d6:	31 c9                	xor    ecx,ecx
  4022d8:	f3 0f bc fe          	tzcnt  edi,esi
  4022dc:	eb 16                	jmp    4022f4 <bench_i_div_stoke_32+0x24>
  4022de:	66 90                	xchg   ax,ax
  4022e0:	c4 e2 43 f7 f2       	shrx   esi,edx,edi
  4022e5:	c4 e2 41 f7 ce       	shlx   ecx,esi,edi
  4022ea:	39 d1                	cmp    ecx,edx
  4022ec:	0f 95 c1             	setne  cl
  4022ef:	0f b6 c9             	movzx  ecx,cl
  4022f2:	01 f1                	add    ecx,esi
  4022f4:	83 c2 01             	add    edx,0x1
  4022f7:	01 c8                	add    eax,ecx
  4022f9:	81 fa 00 ca 9a 3b    	cmp    edx,0x3b9aca00
  4022ff:	75 df                	jne    4022e0 <bench_i_div_stoke_32+0x10>
  402301:	c3                   	ret    
  402302:	0f 1f 40 00          	nop    DWORD PTR [rax+0x0]
  402306:	66 2e 0f 1f 84 00 00 	nop    WORD PTR cs:[rax+rax*1+0x0]
  40230d:	00 00 00 

0000000000402310 <bench_v_div_stoke_32>:
  402310:	89 f8                	mov    eax,edi
  402312:	31 d2                	xor    edx,edx
  402314:	31 c9                	xor    ecx,ecx
  402316:	eb 23                	jmp    40233b <bench_v_div_stoke_32+0x2b>
  402318:	0f 1f 84 00 00 00 00 	nop    DWORD PTR [rax+rax*1+0x0]
  40231f:	00 
  402320:	31 c9                	xor    ecx,ecx
  402322:	f3 0f bc ce          	tzcnt  ecx,esi
  402326:	c4 62 73 f7 c2       	shrx   r8d,edx,ecx
  40232b:	c4 c2 71 f7 c8       	shlx   ecx,r8d,ecx
  402330:	39 d1                	cmp    ecx,edx
  402332:	0f 95 c1             	setne  cl
  402335:	0f b6 c9             	movzx  ecx,cl
  402338:	44 01 c1             	add    ecx,r8d
  40233b:	83 c2 01             	add    edx,0x1
  40233e:	01 c8                	add    eax,ecx
  402340:	c4 e3 7b f0 f6 1f    	rorx   esi,esi,0x1f
  402346:	81 fa 00 ca 9a 3b    	cmp    edx,0x3b9aca00
  40234c:	75 d2                	jne    402320 <bench_v_div_stoke_32+0x10>
  40234e:	c3                   	ret    
  40234f:	90                   	nop

